// Vitest Snapshot v1, https://vitest.dev/guide/snapshot.html

exports[`CODEx Phoneme Engine Accuracy (QA) > Golden set analysis contract snapshot remains stable 1`] = `
{
  "alliteration": {
    "analyzeDeep": {
      "extendedRhymeKeys": [
        "A-N",
        "EY-open/A-N",
        "IH-open/EY-open/A-N",
        "IH-open/IH-open/EY-open/A-N",
      ],
      "rhymeKey": "A-N",
      "stressPattern": "01010",
      "syllableCount": 5,
      "syllables": [
        {
          "coda": "",
          "onset": "",
          "stress": 0,
          "vowel": "AH0",
          "vowelFamily": "A",
        },
        {
          "coda": "",
          "onset": "L",
          "stress": 2,
          "vowel": "IH2",
          "vowelFamily": "IH",
        },
        {
          "coda": "",
          "onset": "T",
          "stress": 0,
          "vowel": "ER0",
          "vowelFamily": "IH",
        },
        {
          "coda": "",
          "onset": "",
          "stress": 1,
          "vowel": "EY1",
          "vowelFamily": "EY",
        },
        {
          "coda": "N",
          "onset": "SH",
          "stress": 0,
          "vowel": "AH0",
          "vowelFamily": "A",
        },
      ],
    },
    "analyzeWord": {
      "coda": "N",
      "phonemes": [
        "AH0",
        "L",
        "IH2",
        "T",
        "ER0",
        "EY1",
        "SH",
        "AH0",
        "N",
      ],
      "rhymeKey": "A-N",
      "syllableCount": 5,
      "vowelFamily": "EY",
    },
  },
  "alternate": {
    "analyzeDeep": {
      "extendedRhymeKeys": [
        "EY-T",
        "AE-R/EY-T",
        "AE-L/AE-R/EY-T",
      ],
      "rhymeKey": "EY-T",
      "stressPattern": "001",
      "syllableCount": 3,
      "syllables": [
        {
          "coda": "L",
          "onset": "",
          "stress": 0,
          "vowel": "AE0",
          "vowelFamily": "AE",
        },
        {
          "coda": "R",
          "onset": "T",
          "stress": 0,
          "vowel": "EH0",
          "vowelFamily": "AE",
        },
        {
          "coda": "T",
          "onset": "N",
          "stress": 1,
          "vowel": "EY1",
          "vowelFamily": "EY",
        },
      ],
    },
    "analyzeWord": {
      "coda": "T",
      "phonemes": [
        "AE0",
        "L",
        "T",
        "EH0",
        "R",
        "N",
        "EY1",
        "T",
      ],
      "rhymeKey": "EY-T",
      "syllableCount": 3,
      "vowelFamily": "EY",
    },
  },
  "anemone": {
    "analyzeDeep": {
      "extendedRhymeKeys": [
        "OW-N",
        "AE-open/OW-N",
        "AE-open/AE-open/OW-N",
      ],
      "rhymeKey": "OW-N",
      "stressPattern": "001",
      "syllableCount": 3,
      "syllables": [
        {
          "coda": "",
          "onset": "",
          "stress": 0,
          "vowel": "AE0",
          "vowelFamily": "AE",
        },
        {
          "coda": "",
          "onset": "N",
          "stress": 0,
          "vowel": "EH0",
          "vowelFamily": "AE",
        },
        {
          "coda": "N",
          "onset": "M",
          "stress": 1,
          "vowel": "OW1",
          "vowelFamily": "OW",
        },
      ],
    },
    "analyzeWord": {
      "coda": "N",
      "phonemes": [
        "AE0",
        "N",
        "EH0",
        "M",
        "OW1",
        "N",
      ],
      "rhymeKey": "OW-N",
      "syllableCount": 3,
      "vowelFamily": "OW",
    },
  },
  "arcane": {
    "analyzeDeep": {
      "extendedRhymeKeys": [
        "EY-N",
        "AE-R/EY-N",
      ],
      "rhymeKey": "EY-N",
      "stressPattern": "01",
      "syllableCount": 2,
      "syllables": [
        {
          "coda": "R",
          "onset": "",
          "stress": 0,
          "vowel": "AE0",
          "vowelFamily": "AE",
        },
        {
          "coda": "N",
          "onset": "K",
          "stress": 1,
          "vowel": "EY1",
          "vowelFamily": "EY",
        },
      ],
    },
    "analyzeWord": {
      "coda": "N",
      "phonemes": [
        "AE0",
        "R",
        "K",
        "EY1",
        "N",
      ],
      "rhymeKey": "EY-N",
      "syllableCount": 2,
      "vowelFamily": "EY",
    },
  },
  "asthma": {
    "analyzeDeep": {
      "extendedRhymeKeys": [
        "AE-open",
        "AE-S/AE-open",
      ],
      "rhymeKey": "AE-open",
      "stressPattern": "01",
      "syllableCount": 2,
      "syllables": [
        {
          "coda": "S",
          "onset": "",
          "stress": 0,
          "vowel": "AE0",
          "vowelFamily": "AE",
        },
        {
          "coda": "",
          "onset": "THM",
          "stress": 1,
          "vowel": "AE1",
          "vowelFamily": "AE",
        },
      ],
    },
    "analyzeWord": {
      "coda": null,
      "phonemes": [
        "AE0",
        "S",
        "TH",
        "M",
        "AE1",
      ],
      "rhymeKey": "AE-open",
      "syllableCount": 2,
      "vowelFamily": "AE",
    },
  },
  "astronomy": {
    "analyzeDeep": {
      "extendedRhymeKeys": [
        "EY-open",
        "A-open/EY-open",
        "A-open/A-open/EY-open",
        "AE-open/A-open/A-open/EY-open",
      ],
      "rhymeKey": "EY-open",
      "stressPattern": "0001",
      "syllableCount": 4,
      "syllables": [
        {
          "coda": "",
          "onset": "",
          "stress": 0,
          "vowel": "AE0",
          "vowelFamily": "AE",
        },
        {
          "coda": "",
          "onset": "STR",
          "stress": 0,
          "vowel": "AA0",
          "vowelFamily": "A",
        },
        {
          "coda": "",
          "onset": "N",
          "stress": 0,
          "vowel": "AA0",
          "vowelFamily": "A",
        },
        {
          "coda": "",
          "onset": "M",
          "stress": 1,
          "vowel": "AY1",
          "vowelFamily": "EY",
        },
      ],
    },
    "analyzeWord": {
      "coda": null,
      "phonemes": [
        "AE0",
        "S",
        "T",
        "R",
        "AA0",
        "N",
        "AA0",
        "M",
        "AY1",
      ],
      "rhymeKey": "EY-open",
      "syllableCount": 4,
      "vowelFamily": "EY",
    },
  },
  "attribute": {
    "analyzeDeep": {
      "extendedRhymeKeys": [
        "UW-T",
        "IH-open/UW-T",
        "AE-T/IH-open/UW-T",
      ],
      "rhymeKey": "UW-T",
      "stressPattern": "001",
      "syllableCount": 3,
      "syllables": [
        {
          "coda": "T",
          "onset": "",
          "stress": 0,
          "vowel": "AE0",
          "vowelFamily": "AE",
        },
        {
          "coda": "",
          "onset": "TR",
          "stress": 0,
          "vowel": "IH0",
          "vowelFamily": "IH",
        },
        {
          "coda": "T",
          "onset": "B",
          "stress": 1,
          "vowel": "UW1",
          "vowelFamily": "UW",
        },
      ],
    },
    "analyzeWord": {
      "coda": "T",
      "phonemes": [
        "AE0",
        "T",
        "T",
        "R",
        "IH0",
        "B",
        "UW1",
        "T",
      ],
      "rhymeKey": "UW-T",
      "syllableCount": 3,
      "vowelFamily": "UW",
    },
  },
  "azure": {
    "analyzeDeep": {
      "extendedRhymeKeys": [
        "IH-open",
        "AE-open/IH-open",
      ],
      "rhymeKey": "IH-open",
      "stressPattern": "10",
      "syllableCount": 2,
      "syllables": [
        {
          "coda": "",
          "onset": "",
          "stress": 1,
          "vowel": "AE1",
          "vowelFamily": "AE",
        },
        {
          "coda": "",
          "onset": "Z",
          "stress": 0,
          "vowel": "UR0",
          "vowelFamily": "IH",
        },
      ],
    },
    "analyzeWord": {
      "coda": null,
      "phonemes": [
        "AE1",
        "Z",
        "UR0",
      ],
      "rhymeKey": "IH-open",
      "syllableCount": 2,
      "vowelFamily": "AE",
    },
  },
  "bet": {
    "analyzeDeep": {
      "extendedRhymeKeys": [
        "AE-T",
      ],
      "rhymeKey": "AE-T",
      "stressPattern": "1",
      "syllableCount": 1,
      "syllables": [
        {
          "coda": "T",
          "onset": "B",
          "stress": 1,
          "vowel": "EH1",
          "vowelFamily": "AE",
        },
      ],
    },
    "analyzeWord": {
      "coda": "T",
      "phonemes": [
        "B",
        "EH1",
        "T",
      ],
      "rhymeKey": "AE-T",
      "syllableCount": 1,
      "vowelFamily": "AE",
    },
  },
  "binary": {
    "analyzeDeep": {
      "extendedRhymeKeys": [
        "EY-open",
        "AE-open/EY-open",
        "IH-open/AE-open/EY-open",
      ],
      "rhymeKey": "EY-open",
      "stressPattern": "001",
      "syllableCount": 3,
      "syllables": [
        {
          "coda": "",
          "onset": "B",
          "stress": 0,
          "vowel": "IH0",
          "vowelFamily": "IH",
        },
        {
          "coda": "",
          "onset": "N",
          "stress": 0,
          "vowel": "AE0",
          "vowelFamily": "AE",
        },
        {
          "coda": "",
          "onset": "R",
          "stress": 1,
          "vowel": "AY1",
          "vowelFamily": "EY",
        },
      ],
    },
    "analyzeWord": {
      "coda": null,
      "phonemes": [
        "B",
        "IH0",
        "N",
        "AE0",
        "R",
        "AY1",
      ],
      "rhymeKey": "EY-open",
      "syllableCount": 3,
      "vowelFamily": "EY",
    },
  },
  "bough": {
    "analyzeDeep": {
      "extendedRhymeKeys": [
        "A-G",
      ],
      "rhymeKey": "A-G",
      "stressPattern": "1",
      "syllableCount": 1,
      "syllables": [
        {
          "coda": "G",
          "onset": "B",
          "stress": 1,
          "vowel": "AW1",
          "vowelFamily": "A",
        },
      ],
    },
    "analyzeWord": {
      "coda": "G",
      "phonemes": [
        "B",
        "AW1",
        "G",
      ],
      "rhymeKey": "A-G",
      "syllableCount": 1,
      "vowelFamily": "A",
    },
  },
  "cacophony": {
    "analyzeDeep": {
      "extendedRhymeKeys": [
        "EY-open",
        "A-open/EY-open",
        "A-open/A-open/EY-open",
        "AE-open/A-open/A-open/EY-open",
      ],
      "rhymeKey": "EY-open",
      "stressPattern": "0001",
      "syllableCount": 4,
      "syllables": [
        {
          "coda": "",
          "onset": "K",
          "stress": 0,
          "vowel": "AE0",
          "vowelFamily": "AE",
        },
        {
          "coda": "",
          "onset": "K",
          "stress": 0,
          "vowel": "AA0",
          "vowelFamily": "A",
        },
        {
          "coda": "",
          "onset": "F",
          "stress": 0,
          "vowel": "AA0",
          "vowelFamily": "A",
        },
        {
          "coda": "",
          "onset": "N",
          "stress": 1,
          "vowel": "AY1",
          "vowelFamily": "EY",
        },
      ],
    },
    "analyzeWord": {
      "coda": null,
      "phonemes": [
        "K",
        "AE0",
        "K",
        "AA0",
        "F",
        "AA0",
        "N",
        "AY1",
      ],
      "rhymeKey": "EY-open",
      "syllableCount": 4,
      "vowelFamily": "EY",
    },
  },
  "choir": {
    "analyzeDeep": {
      "extendedRhymeKeys": [
        "OW-R",
      ],
      "rhymeKey": "OW-R",
      "stressPattern": "1",
      "syllableCount": 1,
      "syllables": [
        {
          "coda": "R",
          "onset": "CH",
          "stress": 1,
          "vowel": "OY1",
          "vowelFamily": "OW",
        },
      ],
    },
    "analyzeWord": {
      "coda": "R",
      "phonemes": [
        "CH",
        "OY1",
        "R",
      ],
      "rhymeKey": "OW-R",
      "syllableCount": 1,
      "vowelFamily": "OW",
    },
  },
  "codex": {
    "analyzeDeep": {
      "extendedRhymeKeys": [
        "AE-KS",
        "A-open/AE-KS",
      ],
      "rhymeKey": "AE-KS",
      "stressPattern": "01",
      "syllableCount": 2,
      "syllables": [
        {
          "coda": "",
          "onset": "K",
          "stress": 0,
          "vowel": "AA0",
          "vowelFamily": "A",
        },
        {
          "coda": "KS",
          "onset": "D",
          "stress": 1,
          "vowel": "EH1",
          "vowelFamily": "AE",
        },
      ],
    },
    "analyzeWord": {
      "coda": "KS",
      "phonemes": [
        "K",
        "AA0",
        "D",
        "EH1",
        "K",
        "S",
      ],
      "rhymeKey": "AE-KS",
      "syllableCount": 2,
      "vowelFamily": "AE",
    },
  },
  "colonel": {
    "analyzeDeep": {
      "extendedRhymeKeys": [
        "AE-L",
        "A-open/AE-L",
        "A-open/A-open/AE-L",
      ],
      "rhymeKey": "AE-L",
      "stressPattern": "001",
      "syllableCount": 3,
      "syllables": [
        {
          "coda": "",
          "onset": "K",
          "stress": 0,
          "vowel": "AA0",
          "vowelFamily": "A",
        },
        {
          "coda": "",
          "onset": "L",
          "stress": 0,
          "vowel": "AA0",
          "vowelFamily": "A",
        },
        {
          "coda": "L",
          "onset": "N",
          "stress": 1,
          "vowel": "EH1",
          "vowelFamily": "AE",
        },
      ],
    },
    "analyzeWord": {
      "coda": "L",
      "phonemes": [
        "K",
        "AA0",
        "L",
        "AA0",
        "N",
        "EH1",
        "L",
      ],
      "rhymeKey": "AE-L",
      "syllableCount": 3,
      "vowelFamily": "AE",
    },
  },
  "constellation": {
    "analyzeDeep": {
      "extendedRhymeKeys": [
        "A-N",
        "EY-open/A-N",
        "AE-L/EY-open/A-N",
        "A-N/AE-L/EY-open/A-N",
      ],
      "rhymeKey": "A-N",
      "stressPattern": "0010",
      "syllableCount": 4,
      "syllables": [
        {
          "coda": "N",
          "onset": "K",
          "stress": 0,
          "vowel": "AA0",
          "vowelFamily": "A",
        },
        {
          "coda": "L",
          "onset": "ST",
          "stress": 0,
          "vowel": "EH0",
          "vowelFamily": "AE",
        },
        {
          "coda": "",
          "onset": "L",
          "stress": 1,
          "vowel": "EY1",
          "vowelFamily": "EY",
        },
        {
          "coda": "N",
          "onset": "SH",
          "stress": 0,
          "vowel": "AH0",
          "vowelFamily": "A",
        },
      ],
    },
    "analyzeWord": {
      "coda": "N",
      "phonemes": [
        "K",
        "AA0",
        "N",
        "S",
        "T",
        "EH0",
        "L",
        "L",
        "EY1",
        "SH",
        "AH0",
        "N",
      ],
      "rhymeKey": "A-N",
      "syllableCount": 4,
      "vowelFamily": "EY",
    },
  },
  "content": {
    "analyzeDeep": {
      "extendedRhymeKeys": [
        "AE-NT",
        "A-N/AE-NT",
      ],
      "rhymeKey": "AE-NT",
      "stressPattern": "01",
      "syllableCount": 2,
      "syllables": [
        {
          "coda": "N",
          "onset": "K",
          "stress": 0,
          "vowel": "AA0",
          "vowelFamily": "A",
        },
        {
          "coda": "NT",
          "onset": "T",
          "stress": 1,
          "vowel": "EH1",
          "vowelFamily": "AE",
        },
      ],
    },
    "analyzeWord": {
      "coda": "NT",
      "phonemes": [
        "K",
        "AA0",
        "N",
        "T",
        "EH1",
        "N",
        "T",
      ],
      "rhymeKey": "AE-NT",
      "syllableCount": 2,
      "vowelFamily": "AE",
    },
  },
  "cough": {
    "analyzeDeep": {
      "extendedRhymeKeys": [
        "A-G",
      ],
      "rhymeKey": "A-G",
      "stressPattern": "1",
      "syllableCount": 1,
      "syllables": [
        {
          "coda": "G",
          "onset": "K",
          "stress": 1,
          "vowel": "AW1",
          "vowelFamily": "A",
        },
      ],
    },
    "analyzeWord": {
      "coda": "G",
      "phonemes": [
        "K",
        "AW1",
        "G",
      ],
      "rhymeKey": "A-G",
      "syllableCount": 1,
      "vowelFamily": "A",
    },
  },
  "cringe": {
    "analyzeDeep": {
      "extendedRhymeKeys": [
        "AE-open",
        "IH-NG/AE-open",
      ],
      "rhymeKey": "AE-open",
      "stressPattern": "01",
      "syllableCount": 2,
      "syllables": [
        {
          "coda": "NG",
          "onset": "KR",
          "stress": 0,
          "vowel": "IH0",
          "vowelFamily": "IH",
        },
        {
          "coda": "",
          "onset": "",
          "stress": 1,
          "vowel": "EH1",
          "vowelFamily": "AE",
        },
      ],
    },
    "analyzeWord": {
      "coda": null,
      "phonemes": [
        "K",
        "R",
        "IH0",
        "NG",
        "EH1",
      ],
      "rhymeKey": "AE-open",
      "syllableCount": 2,
      "vowelFamily": "AE",
    },
  },
  "desert": {
    "analyzeDeep": {
      "extendedRhymeKeys": [
        "AE-RT",
        "AE-open/AE-RT",
      ],
      "rhymeKey": "AE-RT",
      "stressPattern": "01",
      "syllableCount": 2,
      "syllables": [
        {
          "coda": "",
          "onset": "D",
          "stress": 0,
          "vowel": "EH0",
          "vowelFamily": "AE",
        },
        {
          "coda": "RT",
          "onset": "S",
          "stress": 1,
          "vowel": "EH1",
          "vowelFamily": "AE",
        },
      ],
    },
    "analyzeWord": {
      "coda": "RT",
      "phonemes": [
        "D",
        "EH0",
        "S",
        "EH1",
        "R",
        "T",
      ],
      "rhymeKey": "AE-RT",
      "syllableCount": 2,
      "vowelFamily": "AE",
    },
  },
  "dough": {
    "analyzeDeep": {
      "extendedRhymeKeys": [
        "A-G",
      ],
      "rhymeKey": "A-G",
      "stressPattern": "1",
      "syllableCount": 1,
      "syllables": [
        {
          "coda": "G",
          "onset": "D",
          "stress": 1,
          "vowel": "AW1",
          "vowelFamily": "A",
        },
      ],
    },
    "analyzeWord": {
      "coda": "G",
      "phonemes": [
        "D",
        "AW1",
        "G",
      ],
      "rhymeKey": "A-G",
      "syllableCount": 1,
      "vowelFamily": "A",
    },
  },
  "ebullient": {
    "analyzeDeep": {
      "extendedRhymeKeys": [
        "EY-NT",
        "A-L/EY-NT",
        "AE-open/A-L/EY-NT",
      ],
      "rhymeKey": "EY-NT",
      "stressPattern": "001",
      "syllableCount": 3,
      "syllables": [
        {
          "coda": "",
          "onset": "",
          "stress": 0,
          "vowel": "EH0",
          "vowelFamily": "AE",
        },
        {
          "coda": "L",
          "onset": "B",
          "stress": 0,
          "vowel": "AH0",
          "vowelFamily": "A",
        },
        {
          "coda": "NT",
          "onset": "L",
          "stress": 1,
          "vowel": "AY1",
          "vowelFamily": "EY",
        },
      ],
    },
    "analyzeWord": {
      "coda": "NT",
      "phonemes": [
        "EH0",
        "B",
        "AH0",
        "L",
        "L",
        "AY1",
        "N",
        "T",
      ],
      "rhymeKey": "EY-NT",
      "syllableCount": 3,
      "vowelFamily": "EY",
    },
  },
  "eclipse": {
    "analyzeDeep": {
      "extendedRhymeKeys": [
        "AE-open",
        "IH-open/AE-open",
        "AE-open/IH-open/AE-open",
      ],
      "rhymeKey": "AE-open",
      "stressPattern": "001",
      "syllableCount": 3,
      "syllables": [
        {
          "coda": "",
          "onset": "",
          "stress": 0,
          "vowel": "EH0",
          "vowelFamily": "AE",
        },
        {
          "coda": "",
          "onset": "KL",
          "stress": 0,
          "vowel": "IH0",
          "vowelFamily": "IH",
        },
        {
          "coda": "",
          "onset": "PS",
          "stress": 1,
          "vowel": "EH1",
          "vowelFamily": "AE",
        },
      ],
    },
    "analyzeWord": {
      "coda": null,
      "phonemes": [
        "EH0",
        "K",
        "L",
        "IH0",
        "P",
        "S",
        "EH1",
      ],
      "rhymeKey": "AE-open",
      "syllableCount": 3,
      "vowelFamily": "AE",
    },
  },
  "elixir": {
    "analyzeDeep": {
      "extendedRhymeKeys": [
        "IH-R",
        "IH-open/IH-R",
        "AE-open/IH-open/IH-R",
      ],
      "rhymeKey": "IH-R",
      "stressPattern": "001",
      "syllableCount": 3,
      "syllables": [
        {
          "coda": "",
          "onset": "",
          "stress": 0,
          "vowel": "EH0",
          "vowelFamily": "AE",
        },
        {
          "coda": "",
          "onset": "L",
          "stress": 0,
          "vowel": "IH0",
          "vowelFamily": "IH",
        },
        {
          "coda": "R",
          "onset": "KS",
          "stress": 1,
          "vowel": "IH1",
          "vowelFamily": "IH",
        },
      ],
    },
    "analyzeWord": {
      "coda": "R",
      "phonemes": [
        "EH0",
        "L",
        "IH0",
        "K",
        "S",
        "IH1",
        "R",
      ],
      "rhymeKey": "IH-R",
      "syllableCount": 3,
      "vowelFamily": "IH",
    },
  },
  "enthusiasm": {
    "analyzeDeep": {
      "extendedRhymeKeys": [
        "AE-SM",
        "IH-open/AE-SM",
        "A-open/IH-open/AE-SM",
        "AE-N/A-open/IH-open/AE-SM",
      ],
      "rhymeKey": "AE-SM",
      "stressPattern": "0001",
      "syllableCount": 4,
      "syllables": [
        {
          "coda": "N",
          "onset": "",
          "stress": 0,
          "vowel": "EH0",
          "vowelFamily": "AE",
        },
        {
          "coda": "",
          "onset": "TH",
          "stress": 0,
          "vowel": "AH0",
          "vowelFamily": "A",
        },
        {
          "coda": "",
          "onset": "S",
          "stress": 0,
          "vowel": "IH0",
          "vowelFamily": "IH",
        },
        {
          "coda": "SM",
          "onset": "",
          "stress": 1,
          "vowel": "AE1",
          "vowelFamily": "AE",
        },
      ],
    },
    "analyzeWord": {
      "coda": "SM",
      "phonemes": [
        "EH0",
        "N",
        "TH",
        "AH0",
        "S",
        "IH0",
        "AE1",
        "S",
        "M",
      ],
      "rhymeKey": "AE-SM",
      "syllableCount": 4,
      "vowelFamily": "AE",
    },
  },
  "entropy": {
    "analyzeDeep": {
      "extendedRhymeKeys": [
        "EY-open",
        "A-open/EY-open",
        "AE-N/A-open/EY-open",
      ],
      "rhymeKey": "EY-open",
      "stressPattern": "001",
      "syllableCount": 3,
      "syllables": [
        {
          "coda": "N",
          "onset": "",
          "stress": 0,
          "vowel": "EH0",
          "vowelFamily": "AE",
        },
        {
          "coda": "",
          "onset": "TR",
          "stress": 0,
          "vowel": "AA0",
          "vowelFamily": "A",
        },
        {
          "coda": "",
          "onset": "P",
          "stress": 1,
          "vowel": "AY1",
          "vowelFamily": "EY",
        },
      ],
    },
    "analyzeWord": {
      "coda": null,
      "phonemes": [
        "EH0",
        "N",
        "T",
        "R",
        "AA0",
        "P",
        "AY1",
      ],
      "rhymeKey": "EY-open",
      "syllableCount": 3,
      "vowelFamily": "EY",
    },
  },
  "epiphany": {
    "analyzeDeep": {
      "extendedRhymeKeys": [
        "EY-open",
        "AE-open/EY-open",
        "IH-open/AE-open/EY-open",
        "AE-open/IH-open/AE-open/EY-open",
      ],
      "rhymeKey": "EY-open",
      "stressPattern": "0001",
      "syllableCount": 4,
      "syllables": [
        {
          "coda": "",
          "onset": "",
          "stress": 0,
          "vowel": "EH0",
          "vowelFamily": "AE",
        },
        {
          "coda": "",
          "onset": "P",
          "stress": 0,
          "vowel": "IH0",
          "vowelFamily": "IH",
        },
        {
          "coda": "",
          "onset": "F",
          "stress": 0,
          "vowel": "AE0",
          "vowelFamily": "AE",
        },
        {
          "coda": "",
          "onset": "N",
          "stress": 1,
          "vowel": "AY1",
          "vowelFamily": "EY",
        },
      ],
    },
    "analyzeWord": {
      "coda": null,
      "phonemes": [
        "EH0",
        "P",
        "IH0",
        "F",
        "AE0",
        "N",
        "AY1",
      ],
      "rhymeKey": "EY-open",
      "syllableCount": 4,
      "vowelFamily": "EY",
    },
  },
  "epitome": {
    "analyzeDeep": {
      "extendedRhymeKeys": [
        "OW-M",
        "IH-open/OW-M",
        "AE-open/IH-open/OW-M",
      ],
      "rhymeKey": "OW-M",
      "stressPattern": "001",
      "syllableCount": 3,
      "syllables": [
        {
          "coda": "",
          "onset": "",
          "stress": 0,
          "vowel": "EH0",
          "vowelFamily": "AE",
        },
        {
          "coda": "",
          "onset": "P",
          "stress": 0,
          "vowel": "IH0",
          "vowelFamily": "IH",
        },
        {
          "coda": "M",
          "onset": "T",
          "stress": 1,
          "vowel": "OW1",
          "vowelFamily": "OW",
        },
      ],
    },
    "analyzeWord": {
      "coda": "M",
      "phonemes": [
        "EH0",
        "P",
        "IH0",
        "T",
        "OW1",
        "M",
      ],
      "rhymeKey": "OW-M",
      "syllableCount": 3,
      "vowelFamily": "OW",
    },
  },
  "error": {
    "analyzeDeep": {
      "extendedRhymeKeys": [
        "IH-open",
        "AE-open/IH-open",
      ],
      "rhymeKey": "IH-open",
      "stressPattern": "10",
      "syllableCount": 2,
      "syllables": [
        {
          "coda": "",
          "onset": "",
          "stress": 1,
          "vowel": "EH1",
          "vowelFamily": "AE",
        },
        {
          "coda": "",
          "onset": "R",
          "stress": 0,
          "vowel": "ER0",
          "vowelFamily": "IH",
        },
      ],
    },
    "analyzeWord": {
      "coda": null,
      "phonemes": [
        "EH1",
        "R",
        "ER0",
      ],
      "rhymeKey": "IH-open",
      "syllableCount": 2,
      "vowelFamily": "AE",
    },
  },
  "ethereal": {
    "analyzeDeep": {
      "extendedRhymeKeys": [
        "IY-L",
        "AE-open/IY-L",
        "AE-open/AE-open/IY-L",
      ],
      "rhymeKey": "IY-L",
      "stressPattern": "001",
      "syllableCount": 3,
      "syllables": [
        {
          "coda": "",
          "onset": "",
          "stress": 0,
          "vowel": "EH0",
          "vowelFamily": "AE",
        },
        {
          "coda": "",
          "onset": "TH",
          "stress": 0,
          "vowel": "EH0",
          "vowelFamily": "AE",
        },
        {
          "coda": "L",
          "onset": "R",
          "stress": 1,
          "vowel": "IY1",
          "vowelFamily": "IY",
        },
      ],
    },
    "analyzeWord": {
      "coda": "L",
      "phonemes": [
        "EH0",
        "TH",
        "EH0",
        "R",
        "IY1",
        "L",
      ],
      "rhymeKey": "IY-L",
      "syllableCount": 3,
      "vowelFamily": "IY",
    },
  },
  "extraordinary": {
    "analyzeDeep": {
      "extendedRhymeKeys": [
        "EY-open",
        "AE-open/EY-open",
        "IH-open/AE-open/EY-open",
        "A-R/IH-open/AE-open/EY-open",
      ],
      "rhymeKey": "EY-open",
      "stressPattern": "000001",
      "syllableCount": 6,
      "syllables": [
        {
          "coda": "K",
          "onset": "",
          "stress": 0,
          "vowel": "EH0",
          "vowelFamily": "AE",
        },
        {
          "coda": "",
          "onset": "STR",
          "stress": 0,
          "vowel": "AE0",
          "vowelFamily": "AE",
        },
        {
          "coda": "R",
          "onset": "",
          "stress": 0,
          "vowel": "AA0",
          "vowelFamily": "A",
        },
        {
          "coda": "",
          "onset": "D",
          "stress": 0,
          "vowel": "IH0",
          "vowelFamily": "IH",
        },
        {
          "coda": "",
          "onset": "N",
          "stress": 0,
          "vowel": "AE0",
          "vowelFamily": "AE",
        },
        {
          "coda": "",
          "onset": "R",
          "stress": 1,
          "vowel": "AY1",
          "vowelFamily": "EY",
        },
      ],
    },
    "analyzeWord": {
      "coda": null,
      "phonemes": [
        "EH0",
        "K",
        "S",
        "T",
        "R",
        "AE0",
        "AA0",
        "R",
        "D",
        "IH0",
        "N",
        "AE0",
        "R",
        "AY1",
      ],
      "rhymeKey": "EY-open",
      "syllableCount": 6,
      "vowelFamily": "EY",
    },
  },
  "fastidious": {
    "analyzeDeep": {
      "extendedRhymeKeys": [
        "A-S",
        "A-open/A-S",
        "IY-open/A-open/A-S",
        "IH-open/IY-open/A-open/A-S",
      ],
      "rhymeKey": "A-S",
      "stressPattern": "00001",
      "syllableCount": 5,
      "syllables": [
        {
          "coda": "",
          "onset": "F",
          "stress": 0,
          "vowel": "AE0",
          "vowelFamily": "AE",
        },
        {
          "coda": "",
          "onset": "ST",
          "stress": 0,
          "vowel": "IH0",
          "vowelFamily": "IH",
        },
        {
          "coda": "",
          "onset": "D",
          "stress": 0,
          "vowel": "IY0",
          "vowelFamily": "IY",
        },
        {
          "coda": "",
          "onset": "",
          "stress": 0,
          "vowel": "AH0",
          "vowelFamily": "A",
        },
        {
          "coda": "S",
          "onset": "",
          "stress": 1,
          "vowel": "AH1",
          "vowelFamily": "A",
        },
      ],
    },
    "analyzeWord": {
      "coda": "S",
      "phonemes": [
        "F",
        "AE0",
        "S",
        "T",
        "IH0",
        "D",
        "IY0",
        "AH0",
        "AH1",
        "S",
      ],
      "rhymeKey": "A-S",
      "syllableCount": 5,
      "vowelFamily": "A",
    },
  },
  "fire": {
    "analyzeDeep": {
      "extendedRhymeKeys": [
        "IH-open",
        "EY-open/IH-open",
      ],
      "rhymeKey": "IH-open",
      "stressPattern": "10",
      "syllableCount": 2,
      "syllables": [
        {
          "coda": "",
          "onset": "F",
          "stress": 1,
          "vowel": "AY1",
          "vowelFamily": "EY",
        },
        {
          "coda": "",
          "onset": "",
          "stress": 0,
          "vowel": "ER0",
          "vowelFamily": "IH",
        },
      ],
    },
    "analyzeWord": {
      "coda": null,
      "phonemes": [
        "F",
        "AY1",
        "ER0",
      ],
      "rhymeKey": "IH-open",
      "syllableCount": 2,
      "vowelFamily": "EY",
    },
  },
  "flex": {
    "analyzeDeep": {
      "extendedRhymeKeys": [
        "AE-KS",
      ],
      "rhymeKey": "AE-KS",
      "stressPattern": "1",
      "syllableCount": 1,
      "syllables": [
        {
          "coda": "KS",
          "onset": "FL",
          "stress": 1,
          "vowel": "EH1",
          "vowelFamily": "AE",
        },
      ],
    },
    "analyzeWord": {
      "coda": "KS",
      "phonemes": [
        "F",
        "L",
        "EH1",
        "K",
        "S",
      ],
      "rhymeKey": "AE-KS",
      "syllableCount": 1,
      "vowelFamily": "AE",
    },
  },
  "galaxy": {
    "analyzeDeep": {
      "extendedRhymeKeys": [
        "EY-open",
        "AE-open/EY-open",
        "AE-open/AE-open/EY-open",
      ],
      "rhymeKey": "EY-open",
      "stressPattern": "001",
      "syllableCount": 3,
      "syllables": [
        {
          "coda": "",
          "onset": "G",
          "stress": 0,
          "vowel": "AE0",
          "vowelFamily": "AE",
        },
        {
          "coda": "",
          "onset": "L",
          "stress": 0,
          "vowel": "AE0",
          "vowelFamily": "AE",
        },
        {
          "coda": "",
          "onset": "KS",
          "stress": 1,
          "vowel": "AY1",
          "vowelFamily": "EY",
        },
      ],
    },
    "analyzeWord": {
      "coda": null,
      "phonemes": [
        "G",
        "AE0",
        "L",
        "AE0",
        "K",
        "S",
        "AY1",
      ],
      "rhymeKey": "EY-open",
      "syllableCount": 3,
      "vowelFamily": "EY",
    },
  },
  "gauge": {
    "analyzeDeep": {
      "extendedRhymeKeys": [
        "EY-JH",
      ],
      "rhymeKey": "EY-JH",
      "stressPattern": "1",
      "syllableCount": 1,
      "syllables": [
        {
          "coda": "JH",
          "onset": "G",
          "stress": 1,
          "vowel": "EY1",
          "vowelFamily": "EY",
        },
      ],
    },
    "analyzeWord": {
      "coda": "JH",
      "phonemes": [
        "G",
        "EY1",
        "JH",
      ],
      "rhymeKey": "EY-JH",
      "syllableCount": 1,
      "vowelFamily": "EY",
    },
  },
  "ghosting": {
    "analyzeDeep": {
      "extendedRhymeKeys": [
        "IH-NG",
        "A-open/IH-NG",
      ],
      "rhymeKey": "IH-NG",
      "stressPattern": "10",
      "syllableCount": 2,
      "syllables": [
        {
          "coda": "",
          "onset": "G",
          "stress": 1,
          "vowel": "AA1",
          "vowelFamily": "A",
        },
        {
          "coda": "NG",
          "onset": "ST",
          "stress": 0,
          "vowel": "IH0",
          "vowelFamily": "IH",
        },
      ],
    },
    "analyzeWord": {
      "coda": "NG",
      "phonemes": [
        "G",
        "AA1",
        "S",
        "T",
        "IH0",
        "NG",
      ],
      "rhymeKey": "IH-NG",
      "syllableCount": 2,
      "vowelFamily": "A",
    },
  },
  "gnat": {
    "analyzeDeep": {
      "extendedRhymeKeys": [
        "AE-T",
      ],
      "rhymeKey": "AE-T",
      "stressPattern": "1",
      "syllableCount": 1,
      "syllables": [
        {
          "coda": "T",
          "onset": "GN",
          "stress": 1,
          "vowel": "AE1",
          "vowelFamily": "AE",
        },
      ],
    },
    "analyzeWord": {
      "coda": "T",
      "phonemes": [
        "G",
        "N",
        "AE1",
        "T",
      ],
      "rhymeKey": "AE-T",
      "syllableCount": 1,
      "vowelFamily": "AE",
    },
  },
  "golem": {
    "analyzeDeep": {
      "extendedRhymeKeys": [
        "AE-M",
        "A-open/AE-M",
      ],
      "rhymeKey": "AE-M",
      "stressPattern": "01",
      "syllableCount": 2,
      "syllables": [
        {
          "coda": "",
          "onset": "G",
          "stress": 0,
          "vowel": "AA0",
          "vowelFamily": "A",
        },
        {
          "coda": "M",
          "onset": "L",
          "stress": 1,
          "vowel": "EH1",
          "vowelFamily": "AE",
        },
      ],
    },
    "analyzeWord": {
      "coda": "M",
      "phonemes": [
        "G",
        "AA0",
        "L",
        "EH1",
        "M",
      ],
      "rhymeKey": "AE-M",
      "syllableCount": 2,
      "vowelFamily": "OW",
    },
  },
  "gossamer": {
    "analyzeDeep": {
      "extendedRhymeKeys": [
        "AE-R",
        "AE-open/AE-R",
        "A-open/AE-open/AE-R",
      ],
      "rhymeKey": "AE-R",
      "stressPattern": "001",
      "syllableCount": 3,
      "syllables": [
        {
          "coda": "",
          "onset": "G",
          "stress": 0,
          "vowel": "AA0",
          "vowelFamily": "A",
        },
        {
          "coda": "",
          "onset": "SS",
          "stress": 0,
          "vowel": "AE0",
          "vowelFamily": "AE",
        },
        {
          "coda": "R",
          "onset": "M",
          "stress": 1,
          "vowel": "EH1",
          "vowelFamily": "AE",
        },
      ],
    },
    "analyzeWord": {
      "coda": "R",
      "phonemes": [
        "G",
        "AA0",
        "S",
        "S",
        "AE0",
        "M",
        "EH1",
        "R",
      ],
      "rhymeKey": "AE-R",
      "syllableCount": 3,
      "vowelFamily": "AE",
    },
  },
  "gravity": {
    "analyzeDeep": {
      "extendedRhymeKeys": [
        "EY-open",
        "IH-open/EY-open",
        "AE-open/IH-open/EY-open",
      ],
      "rhymeKey": "EY-open",
      "stressPattern": "001",
      "syllableCount": 3,
      "syllables": [
        {
          "coda": "",
          "onset": "GR",
          "stress": 0,
          "vowel": "AE0",
          "vowelFamily": "AE",
        },
        {
          "coda": "",
          "onset": "V",
          "stress": 0,
          "vowel": "IH0",
          "vowelFamily": "IH",
        },
        {
          "coda": "",
          "onset": "T",
          "stress": 1,
          "vowel": "AY1",
          "vowelFamily": "EY",
        },
      ],
    },
    "analyzeWord": {
      "coda": null,
      "phonemes": [
        "G",
        "R",
        "AE0",
        "V",
        "IH0",
        "T",
        "AY1",
      ],
      "rhymeKey": "EY-open",
      "syllableCount": 3,
      "vowelFamily": "EY",
    },
  },
  "grimoire": {
    "analyzeDeep": {
      "extendedRhymeKeys": [
        "AE-open",
        "OW-open/AE-open",
        "IH-open/OW-open/AE-open",
      ],
      "rhymeKey": "AE-open",
      "stressPattern": "001",
      "syllableCount": 3,
      "syllables": [
        {
          "coda": "",
          "onset": "GR",
          "stress": 0,
          "vowel": "IH0",
          "vowelFamily": "IH",
        },
        {
          "coda": "",
          "onset": "M",
          "stress": 0,
          "vowel": "OY0",
          "vowelFamily": "OW",
        },
        {
          "coda": "",
          "onset": "R",
          "stress": 1,
          "vowel": "EH1",
          "vowelFamily": "AE",
        },
      ],
    },
    "analyzeWord": {
      "coda": null,
      "phonemes": [
        "G",
        "R",
        "IH0",
        "M",
        "OY0",
        "R",
        "EH1",
      ],
      "rhymeKey": "AE-open",
      "syllableCount": 3,
      "vowelFamily": "WA",
    },
  },
  "halcyon": {
    "analyzeDeep": {
      "extendedRhymeKeys": [
        "A-N",
        "AE-L/A-N",
      ],
      "rhymeKey": "A-N",
      "stressPattern": "01",
      "syllableCount": 2,
      "syllables": [
        {
          "coda": "L",
          "onset": "H",
          "stress": 0,
          "vowel": "AE0",
          "vowelFamily": "AE",
        },
        {
          "coda": "N",
          "onset": "KY",
          "stress": 1,
          "vowel": "AA1",
          "vowelFamily": "A",
        },
      ],
    },
    "analyzeWord": {
      "coda": "N",
      "phonemes": [
        "H",
        "AE0",
        "L",
        "K",
        "Y",
        "AA1",
        "N",
      ],
      "rhymeKey": "A-N",
      "syllableCount": 2,
      "vowelFamily": "A",
    },
  },
  "hour": {
    "analyzeDeep": {
      "extendedRhymeKeys": [
        "A-R",
      ],
      "rhymeKey": "A-R",
      "stressPattern": "1",
      "syllableCount": 1,
      "syllables": [
        {
          "coda": "R",
          "onset": "H",
          "stress": 1,
          "vowel": "AW1",
          "vowelFamily": "A",
        },
      ],
    },
    "analyzeWord": {
      "coda": "R",
      "phonemes": [
        "H",
        "AW1",
        "R",
      ],
      "rhymeKey": "A-R",
      "syllableCount": 1,
      "vowelFamily": "A",
    },
  },
  "hype": {
    "analyzeDeep": {
      "extendedRhymeKeys": [
        "AE-open",
      ],
      "rhymeKey": "AE-open",
      "stressPattern": "1",
      "syllableCount": 1,
      "syllables": [
        {
          "coda": "",
          "onset": "HYP",
          "stress": 1,
          "vowel": "EH1",
          "vowelFamily": "AE",
        },
      ],
    },
    "analyzeWord": {
      "coda": null,
      "phonemes": [
        "H",
        "Y",
        "P",
        "EH1",
      ],
      "rhymeKey": "AE-open",
      "syllableCount": 1,
      "vowelFamily": "AE",
    },
  },
  "hyperbole": {
    "analyzeDeep": {
      "extendedRhymeKeys": [
        "OW-L",
        "AE-R/OW-L",
      ],
      "rhymeKey": "OW-L",
      "stressPattern": "01",
      "syllableCount": 2,
      "syllables": [
        {
          "coda": "R",
          "onset": "HYP",
          "stress": 0,
          "vowel": "EH0",
          "vowelFamily": "AE",
        },
        {
          "coda": "L",
          "onset": "B",
          "stress": 1,
          "vowel": "OW1",
          "vowelFamily": "OW",
        },
      ],
    },
    "analyzeWord": {
      "coda": "L",
      "phonemes": [
        "H",
        "Y",
        "P",
        "EH0",
        "R",
        "B",
        "OW1",
        "L",
      ],
      "rhymeKey": "OW-L",
      "syllableCount": 2,
      "vowelFamily": "OW",
    },
  },
  "indict": {
    "analyzeDeep": {
      "extendedRhymeKeys": [
        "IH-KT",
        "IH-N/IH-KT",
      ],
      "rhymeKey": "IH-KT",
      "stressPattern": "01",
      "syllableCount": 2,
      "syllables": [
        {
          "coda": "N",
          "onset": "",
          "stress": 0,
          "vowel": "IH0",
          "vowelFamily": "IH",
        },
        {
          "coda": "KT",
          "onset": "D",
          "stress": 1,
          "vowel": "IH1",
          "vowelFamily": "IH",
        },
      ],
    },
    "analyzeWord": {
      "coda": "KT",
      "phonemes": [
        "IH0",
        "N",
        "D",
        "IH1",
        "K",
        "T",
      ],
      "rhymeKey": "IH-KT",
      "syllableCount": 2,
      "vowelFamily": "IH",
    },
  },
  "invalid": {
    "analyzeDeep": {
      "extendedRhymeKeys": [
        "IH-D",
        "AE-open/IH-D",
        "IH-N/AE-open/IH-D",
      ],
      "rhymeKey": "IH-D",
      "stressPattern": "001",
      "syllableCount": 3,
      "syllables": [
        {
          "coda": "N",
          "onset": "",
          "stress": 0,
          "vowel": "IH0",
          "vowelFamily": "IH",
        },
        {
          "coda": "",
          "onset": "V",
          "stress": 0,
          "vowel": "AE0",
          "vowelFamily": "AE",
        },
        {
          "coda": "D",
          "onset": "L",
          "stress": 1,
          "vowel": "IH1",
          "vowelFamily": "IH",
        },
      ],
    },
    "analyzeWord": {
      "coda": "D",
      "phonemes": [
        "IH0",
        "N",
        "V",
        "AE0",
        "L",
        "IH1",
        "D",
      ],
      "rhymeKey": "IH-D",
      "syllableCount": 3,
      "vowelFamily": "IH",
    },
  },
  "ion": {
    "analyzeDeep": {
      "extendedRhymeKeys": [
        "A-N",
        "IY-open/A-N",
      ],
      "rhymeKey": "A-N",
      "stressPattern": "00",
      "syllableCount": 2,
      "syllables": [
        {
          "coda": "",
          "onset": "",
          "stress": 0,
          "vowel": "IY0",
          "vowelFamily": "IY",
        },
        {
          "coda": "N",
          "onset": "",
          "stress": 0,
          "vowel": "AH0",
          "vowelFamily": "A",
        },
      ],
    },
    "analyzeWord": {
      "coda": "N",
      "phonemes": [
        "IY0",
        "AH0",
        "N",
      ],
      "rhymeKey": "A-N",
      "syllableCount": 2,
      "vowelFamily": "IY",
    },
  },
  "knight": {
    "analyzeDeep": {
      "extendedRhymeKeys": [
        "IH-GT",
      ],
      "rhymeKey": "IH-GT",
      "stressPattern": "1",
      "syllableCount": 1,
      "syllables": [
        {
          "coda": "GT",
          "onset": "KN",
          "stress": 1,
          "vowel": "IH1",
          "vowelFamily": "IH",
        },
      ],
    },
    "analyzeWord": {
      "coda": "GT",
      "phonemes": [
        "K",
        "N",
        "IH1",
        "G",
        "T",
      ],
      "rhymeKey": "IH-GT",
      "syllableCount": 1,
      "vowelFamily": "IH",
    },
  },
  "labyrinth": {
    "analyzeDeep": {
      "extendedRhymeKeys": [
        "IH-NTH",
        "AE-BY/IH-NTH",
      ],
      "rhymeKey": "IH-NTH",
      "stressPattern": "01",
      "syllableCount": 2,
      "syllables": [
        {
          "coda": "BY",
          "onset": "L",
          "stress": 0,
          "vowel": "AE0",
          "vowelFamily": "AE",
        },
        {
          "coda": "NTH",
          "onset": "R",
          "stress": 1,
          "vowel": "IH1",
          "vowelFamily": "IH",
        },
      ],
    },
    "analyzeWord": {
      "coda": "NTH",
      "phonemes": [
        "L",
        "AE0",
        "B",
        "Y",
        "R",
        "IH1",
        "N",
        "TH",
      ],
      "rhymeKey": "IH-NTH",
      "syllableCount": 2,
      "vowelFamily": "IH",
    },
  },
  "lead": {
    "analyzeDeep": {
      "extendedRhymeKeys": [
        "IY-D",
      ],
      "rhymeKey": "IY-D",
      "stressPattern": "1",
      "syllableCount": 1,
      "syllables": [
        {
          "coda": "D",
          "onset": "L",
          "stress": 1,
          "vowel": "IY1",
          "vowelFamily": "IY",
        },
      ],
    },
    "analyzeWord": {
      "coda": "D",
      "phonemes": [
        "L",
        "IY1",
        "D",
      ],
      "rhymeKey": "IY-D",
      "syllableCount": 1,
      "vowelFamily": "IY",
    },
  },
  "lit": {
    "analyzeDeep": {
      "extendedRhymeKeys": [
        "IH-T",
      ],
      "rhymeKey": "IH-T",
      "stressPattern": "1",
      "syllableCount": 1,
      "syllables": [
        {
          "coda": "T",
          "onset": "L",
          "stress": 1,
          "vowel": "IH1",
          "vowelFamily": "IH",
        },
      ],
    },
    "analyzeWord": {
      "coda": "T",
      "phonemes": [
        "L",
        "IH1",
        "T",
      ],
      "rhymeKey": "IH-T",
      "syllableCount": 1,
      "vowelFamily": "IH",
    },
  },
  "luminous": {
    "analyzeDeep": {
      "extendedRhymeKeys": [
        "A-S",
        "IH-open/A-S",
        "A-open/IH-open/A-S",
      ],
      "rhymeKey": "A-S",
      "stressPattern": "000",
      "syllableCount": 3,
      "syllables": [
        {
          "coda": "",
          "onset": "L",
          "stress": 0,
          "vowel": "AH0",
          "vowelFamily": "A",
        },
        {
          "coda": "",
          "onset": "M",
          "stress": 0,
          "vowel": "IH0",
          "vowelFamily": "IH",
        },
        {
          "coda": "S",
          "onset": "N",
          "stress": 0,
          "vowel": "AH0",
          "vowelFamily": "A",
        },
      ],
    },
    "analyzeWord": {
      "coda": "S",
      "phonemes": [
        "L",
        "AH0",
        "M",
        "IH0",
        "N",
        "AH0",
        "S",
      ],
      "rhymeKey": "A-S",
      "syllableCount": 3,
      "vowelFamily": "A",
    },
  },
  "matrix": {
    "analyzeDeep": {
      "extendedRhymeKeys": [
        "IH-KS",
        "AE-open/IH-KS",
      ],
      "rhymeKey": "IH-KS",
      "stressPattern": "01",
      "syllableCount": 2,
      "syllables": [
        {
          "coda": "",
          "onset": "M",
          "stress": 0,
          "vowel": "AE0",
          "vowelFamily": "AE",
        },
        {
          "coda": "KS",
          "onset": "TR",
          "stress": 1,
          "vowel": "IH1",
          "vowelFamily": "IH",
        },
      ],
    },
    "analyzeWord": {
      "coda": "KS",
      "phonemes": [
        "M",
        "AE0",
        "T",
        "R",
        "IH1",
        "K",
        "S",
      ],
      "rhymeKey": "IH-KS",
      "syllableCount": 2,
      "vowelFamily": "IH",
    },
  },
  "mellifluous": {
    "analyzeDeep": {
      "extendedRhymeKeys": [
        "A-S",
        "A-open/A-S",
        "IH-open/A-open/A-S",
        "AE-L/IH-open/A-open/A-S",
      ],
      "rhymeKey": "A-S",
      "stressPattern": "0000",
      "syllableCount": 4,
      "syllables": [
        {
          "coda": "L",
          "onset": "M",
          "stress": 0,
          "vowel": "EH0",
          "vowelFamily": "AE",
        },
        {
          "coda": "",
          "onset": "L",
          "stress": 0,
          "vowel": "IH0",
          "vowelFamily": "IH",
        },
        {
          "coda": "",
          "onset": "FL",
          "stress": 0,
          "vowel": "AH0",
          "vowelFamily": "A",
        },
        {
          "coda": "S",
          "onset": "",
          "stress": 0,
          "vowel": "AH0",
          "vowelFamily": "A",
        },
      ],
    },
    "analyzeWord": {
      "coda": "S",
      "phonemes": [
        "M",
        "EH0",
        "L",
        "L",
        "IH0",
        "F",
        "L",
        "AH0",
        "AH0",
        "S",
      ],
      "rhymeKey": "A-S",
      "syllableCount": 4,
      "vowelFamily": "AE",
    },
  },
  "minute": {
    "analyzeDeep": {
      "extendedRhymeKeys": [
        "UW-T",
        "IH-open/UW-T",
      ],
      "rhymeKey": "UW-T",
      "stressPattern": "01",
      "syllableCount": 2,
      "syllables": [
        {
          "coda": "",
          "onset": "M",
          "stress": 0,
          "vowel": "IH0",
          "vowelFamily": "IH",
        },
        {
          "coda": "T",
          "onset": "N",
          "stress": 1,
          "vowel": "UW1",
          "vowelFamily": "UW",
        },
      ],
    },
    "analyzeWord": {
      "coda": "T",
      "phonemes": [
        "M",
        "IH0",
        "N",
        "UW1",
        "T",
      ],
      "rhymeKey": "UW-T",
      "syllableCount": 2,
      "vowelFamily": "UW",
    },
  },
  "mnemonic": {
    "analyzeDeep": {
      "extendedRhymeKeys": [
        "IH-K",
        "A-open/IH-K",
        "AE-open/A-open/IH-K",
      ],
      "rhymeKey": "IH-K",
      "stressPattern": "001",
      "syllableCount": 3,
      "syllables": [
        {
          "coda": "",
          "onset": "MN",
          "stress": 0,
          "vowel": "EH0",
          "vowelFamily": "AE",
        },
        {
          "coda": "",
          "onset": "M",
          "stress": 0,
          "vowel": "AA0",
          "vowelFamily": "A",
        },
        {
          "coda": "K",
          "onset": "N",
          "stress": 1,
          "vowel": "IH1",
          "vowelFamily": "IH",
        },
      ],
    },
    "analyzeWord": {
      "coda": "K",
      "phonemes": [
        "M",
        "N",
        "EH0",
        "M",
        "AA0",
        "N",
        "IH1",
        "K",
      ],
      "rhymeKey": "IH-K",
      "syllableCount": 3,
      "vowelFamily": "IH",
    },
  },
  "murmur": {
    "analyzeDeep": {
      "extendedRhymeKeys": [
        "A-R",
        "A-R/A-R",
      ],
      "rhymeKey": "A-R",
      "stressPattern": "01",
      "syllableCount": 2,
      "syllables": [
        {
          "coda": "R",
          "onset": "M",
          "stress": 0,
          "vowel": "AH0",
          "vowelFamily": "A",
        },
        {
          "coda": "R",
          "onset": "M",
          "stress": 1,
          "vowel": "AH1",
          "vowelFamily": "A",
        },
      ],
    },
    "analyzeWord": {
      "coda": "R",
      "phonemes": [
        "M",
        "AH0",
        "R",
        "M",
        "AH1",
        "R",
      ],
      "rhymeKey": "A-R",
      "syllableCount": 2,
      "vowelFamily": "A",
    },
  },
  "nebula": {
    "analyzeDeep": {
      "extendedRhymeKeys": [
        "AE-open",
        "A-open/AE-open",
        "AE-open/A-open/AE-open",
      ],
      "rhymeKey": "AE-open",
      "stressPattern": "001",
      "syllableCount": 3,
      "syllables": [
        {
          "coda": "",
          "onset": "N",
          "stress": 0,
          "vowel": "EH0",
          "vowelFamily": "AE",
        },
        {
          "coda": "",
          "onset": "B",
          "stress": 0,
          "vowel": "AH0",
          "vowelFamily": "A",
        },
        {
          "coda": "",
          "onset": "L",
          "stress": 1,
          "vowel": "AE1",
          "vowelFamily": "AE",
        },
      ],
    },
    "analyzeWord": {
      "coda": null,
      "phonemes": [
        "N",
        "EH0",
        "B",
        "AH0",
        "L",
        "AE1",
      ],
      "rhymeKey": "AE-open",
      "syllableCount": 3,
      "vowelFamily": "AE",
    },
  },
  "object": {
    "analyzeDeep": {
      "extendedRhymeKeys": [
        "AE-KT",
        "A-open/AE-KT",
      ],
      "rhymeKey": "AE-KT",
      "stressPattern": "01",
      "syllableCount": 2,
      "syllables": [
        {
          "coda": "",
          "onset": "",
          "stress": 0,
          "vowel": "AA0",
          "vowelFamily": "A",
        },
        {
          "coda": "KT",
          "onset": "BJH",
          "stress": 1,
          "vowel": "EH1",
          "vowelFamily": "AE",
        },
      ],
    },
    "analyzeWord": {
      "coda": "KT",
      "phonemes": [
        "AA0",
        "B",
        "JH",
        "EH1",
        "K",
        "T",
      ],
      "rhymeKey": "AE-KT",
      "syllableCount": 2,
      "vowelFamily": "AE",
    },
  },
  "obsidian": {
    "analyzeDeep": {
      "extendedRhymeKeys": [
        "A-N",
        "IY-open/A-N",
        "IH-open/IY-open/A-N",
        "A-open/IH-open/IY-open/A-N",
      ],
      "rhymeKey": "A-N",
      "stressPattern": "0100",
      "syllableCount": 4,
      "syllables": [
        {
          "coda": "",
          "onset": "",
          "stress": 0,
          "vowel": "AH0",
          "vowelFamily": "A",
        },
        {
          "coda": "",
          "onset": "BS",
          "stress": 1,
          "vowel": "IH1",
          "vowelFamily": "IH",
        },
        {
          "coda": "",
          "onset": "D",
          "stress": 0,
          "vowel": "IY0",
          "vowelFamily": "IY",
        },
        {
          "coda": "N",
          "onset": "",
          "stress": 0,
          "vowel": "AH0",
          "vowelFamily": "A",
        },
      ],
    },
    "analyzeWord": {
      "coda": "N",
      "phonemes": [
        "AH0",
        "B",
        "S",
        "IH1",
        "D",
        "IY0",
        "AH0",
        "N",
      ],
      "rhymeKey": "A-N",
      "syllableCount": 4,
      "vowelFamily": "IH",
    },
  },
  "occult": {
    "analyzeDeep": {
      "extendedRhymeKeys": [
        "A-LT",
        "A-K/A-LT",
      ],
      "rhymeKey": "A-LT",
      "stressPattern": "01",
      "syllableCount": 2,
      "syllables": [
        {
          "coda": "K",
          "onset": "",
          "stress": 0,
          "vowel": "AA0",
          "vowelFamily": "A",
        },
        {
          "coda": "LT",
          "onset": "K",
          "stress": 1,
          "vowel": "AH1",
          "vowelFamily": "A",
        },
      ],
    },
    "analyzeWord": {
      "coda": "LT",
      "phonemes": [
        "AA0",
        "K",
        "K",
        "AH1",
        "L",
        "T",
      ],
      "rhymeKey": "A-LT",
      "syllableCount": 2,
      "vowelFamily": "A",
    },
  },
  "orbit": {
    "analyzeDeep": {
      "extendedRhymeKeys": [
        "IH-T",
        "A-R/IH-T",
      ],
      "rhymeKey": "IH-T",
      "stressPattern": "01",
      "syllableCount": 2,
      "syllables": [
        {
          "coda": "R",
          "onset": "",
          "stress": 0,
          "vowel": "AA0",
          "vowelFamily": "A",
        },
        {
          "coda": "T",
          "onset": "B",
          "stress": 1,
          "vowel": "IH1",
          "vowelFamily": "IH",
        },
      ],
    },
    "analyzeWord": {
      "coda": "T",
      "phonemes": [
        "AA0",
        "R",
        "B",
        "IH1",
        "T",
      ],
      "rhymeKey": "IH-T",
      "syllableCount": 2,
      "vowelFamily": "IH",
    },
  },
  "paradigm": {
    "analyzeDeep": {
      "extendedRhymeKeys": [
        "IH-GM",
        "AE-open/IH-GM",
        "AE-open/AE-open/IH-GM",
      ],
      "rhymeKey": "IH-GM",
      "stressPattern": "001",
      "syllableCount": 3,
      "syllables": [
        {
          "coda": "",
          "onset": "P",
          "stress": 0,
          "vowel": "AE0",
          "vowelFamily": "AE",
        },
        {
          "coda": "",
          "onset": "R",
          "stress": 0,
          "vowel": "AE0",
          "vowelFamily": "AE",
        },
        {
          "coda": "GM",
          "onset": "D",
          "stress": 1,
          "vowel": "IH1",
          "vowelFamily": "IH",
        },
      ],
    },
    "analyzeWord": {
      "coda": "GM",
      "phonemes": [
        "P",
        "AE0",
        "R",
        "AE0",
        "D",
        "IH1",
        "G",
        "M",
      ],
      "rhymeKey": "IH-GM",
      "syllableCount": 3,
      "vowelFamily": "IH",
    },
  },
  "parsimonious": {
    "analyzeDeep": {
      "extendedRhymeKeys": [
        "A-S",
        "A-open/A-S",
        "IY-open/A-open/A-S",
        "A-open/IY-open/A-open/A-S",
      ],
      "rhymeKey": "A-S",
      "stressPattern": "000001",
      "syllableCount": 6,
      "syllables": [
        {
          "coda": "R",
          "onset": "P",
          "stress": 0,
          "vowel": "AE0",
          "vowelFamily": "AE",
        },
        {
          "coda": "",
          "onset": "S",
          "stress": 0,
          "vowel": "IH0",
          "vowelFamily": "IH",
        },
        {
          "coda": "",
          "onset": "M",
          "stress": 0,
          "vowel": "AA0",
          "vowelFamily": "A",
        },
        {
          "coda": "",
          "onset": "N",
          "stress": 0,
          "vowel": "IY0",
          "vowelFamily": "IY",
        },
        {
          "coda": "",
          "onset": "",
          "stress": 0,
          "vowel": "AH0",
          "vowelFamily": "A",
        },
        {
          "coda": "S",
          "onset": "",
          "stress": 1,
          "vowel": "AH1",
          "vowelFamily": "A",
        },
      ],
    },
    "analyzeWord": {
      "coda": "S",
      "phonemes": [
        "P",
        "AE0",
        "R",
        "S",
        "IH0",
        "M",
        "AA0",
        "N",
        "IY0",
        "AH0",
        "AH1",
        "S",
      ],
      "rhymeKey": "A-S",
      "syllableCount": 6,
      "vowelFamily": "A",
    },
  },
  "perfect": {
    "analyzeDeep": {
      "extendedRhymeKeys": [
        "AE-KT",
        "AE-R/AE-KT",
      ],
      "rhymeKey": "AE-KT",
      "stressPattern": "01",
      "syllableCount": 2,
      "syllables": [
        {
          "coda": "R",
          "onset": "P",
          "stress": 0,
          "vowel": "EH0",
          "vowelFamily": "AE",
        },
        {
          "coda": "KT",
          "onset": "F",
          "stress": 1,
          "vowel": "EH1",
          "vowelFamily": "AE",
        },
      ],
    },
    "analyzeWord": {
      "coda": "KT",
      "phonemes": [
        "P",
        "EH0",
        "R",
        "F",
        "EH1",
        "K",
        "T",
      ],
      "rhymeKey": "AE-KT",
      "syllableCount": 2,
      "vowelFamily": "AE",
    },
  },
  "petrichor": {
    "analyzeDeep": {
      "extendedRhymeKeys": [
        "A-R",
        "IH-open/A-R",
        "AE-open/IH-open/A-R",
      ],
      "rhymeKey": "A-R",
      "stressPattern": "001",
      "syllableCount": 3,
      "syllables": [
        {
          "coda": "",
          "onset": "P",
          "stress": 0,
          "vowel": "EH0",
          "vowelFamily": "AE",
        },
        {
          "coda": "",
          "onset": "TR",
          "stress": 0,
          "vowel": "IH0",
          "vowelFamily": "IH",
        },
        {
          "coda": "R",
          "onset": "CH",
          "stress": 1,
          "vowel": "AA1",
          "vowelFamily": "A",
        },
      ],
    },
    "analyzeWord": {
      "coda": "R",
      "phonemes": [
        "P",
        "EH0",
        "T",
        "R",
        "IH0",
        "CH",
        "AA1",
        "R",
      ],
      "rhymeKey": "A-R",
      "syllableCount": 3,
      "vowelFamily": "A",
    },
  },
  "pharaoh": {
    "analyzeDeep": {
      "extendedRhymeKeys": [
        "A-H",
        "AE-open/A-H",
        "AE-open/AE-open/A-H",
      ],
      "rhymeKey": "A-H",
      "stressPattern": "001",
      "syllableCount": 3,
      "syllables": [
        {
          "coda": "",
          "onset": "F",
          "stress": 0,
          "vowel": "AE0",
          "vowelFamily": "AE",
        },
        {
          "coda": "",
          "onset": "R",
          "stress": 0,
          "vowel": "AE0",
          "vowelFamily": "AE",
        },
        {
          "coda": "H",
          "onset": "",
          "stress": 1,
          "vowel": "AA1",
          "vowelFamily": "A",
        },
      ],
    },
    "analyzeWord": {
      "coda": "H",
      "phonemes": [
        "F",
        "AE0",
        "R",
        "AE0",
        "AA1",
        "H",
      ],
      "rhymeKey": "A-H",
      "syllableCount": 3,
      "vowelFamily": "A",
    },
  },
  "phenomenon": {
    "analyzeDeep": {
      "extendedRhymeKeys": [
        "A-N",
        "AE-open/A-N",
        "A-open/AE-open/A-N",
        "AE-open/A-open/AE-open/A-N",
      ],
      "rhymeKey": "A-N",
      "stressPattern": "0001",
      "syllableCount": 4,
      "syllables": [
        {
          "coda": "",
          "onset": "F",
          "stress": 0,
          "vowel": "EH0",
          "vowelFamily": "AE",
        },
        {
          "coda": "",
          "onset": "N",
          "stress": 0,
          "vowel": "AA0",
          "vowelFamily": "A",
        },
        {
          "coda": "",
          "onset": "M",
          "stress": 0,
          "vowel": "EH0",
          "vowelFamily": "AE",
        },
        {
          "coda": "N",
          "onset": "N",
          "stress": 1,
          "vowel": "AA1",
          "vowelFamily": "A",
        },
      ],
    },
    "analyzeWord": {
      "coda": "N",
      "phonemes": [
        "F",
        "EH0",
        "N",
        "AA0",
        "M",
        "EH0",
        "N",
        "AA1",
        "N",
      ],
      "rhymeKey": "A-N",
      "syllableCount": 4,
      "vowelFamily": "A",
    },
  },
  "phoneme": {
    "analyzeDeep": {
      "extendedRhymeKeys": [
        "IY-M",
        "OW-open/IY-M",
      ],
      "rhymeKey": "IY-M",
      "stressPattern": "11",
      "syllableCount": 2,
      "syllables": [
        {
          "coda": "",
          "onset": "F",
          "stress": 1,
          "vowel": "OW1",
          "vowelFamily": "OW",
        },
        {
          "coda": "M",
          "onset": "N",
          "stress": 2,
          "vowel": "IY2",
          "vowelFamily": "IY",
        },
      ],
    },
    "analyzeWord": {
      "coda": "M",
      "phonemes": [
        "F",
        "OW1",
        "N",
        "IY2",
        "M",
      ],
      "rhymeKey": "IY-M",
      "syllableCount": 2,
      "vowelFamily": "OW",
    },
  },
  "pixelbrain": {
    "analyzeDeep": {
      "extendedRhymeKeys": [
        "EY-N",
        "AE-L/EY-N",
        "IH-open/AE-L/EY-N",
      ],
      "rhymeKey": "EY-N",
      "stressPattern": "001",
      "syllableCount": 3,
      "syllables": [
        {
          "coda": "",
          "onset": "P",
          "stress": 0,
          "vowel": "IH0",
          "vowelFamily": "IH",
        },
        {
          "coda": "L",
          "onset": "KS",
          "stress": 0,
          "vowel": "EH0",
          "vowelFamily": "AE",
        },
        {
          "coda": "N",
          "onset": "BR",
          "stress": 1,
          "vowel": "EY1",
          "vowelFamily": "EY",
        },
      ],
    },
    "analyzeWord": {
      "coda": "N",
      "phonemes": [
        "P",
        "IH0",
        "K",
        "S",
        "EH0",
        "L",
        "B",
        "R",
        "EY1",
        "N",
      ],
      "rhymeKey": "EY-N",
      "syllableCount": 3,
      "vowelFamily": "EY",
    },
  },
  "plasma": {
    "analyzeDeep": {
      "extendedRhymeKeys": [
        "AE-open",
        "AE-open/AE-open",
      ],
      "rhymeKey": "AE-open",
      "stressPattern": "01",
      "syllableCount": 2,
      "syllables": [
        {
          "coda": "",
          "onset": "PL",
          "stress": 0,
          "vowel": "AE0",
          "vowelFamily": "AE",
        },
        {
          "coda": "",
          "onset": "SM",
          "stress": 1,
          "vowel": "AE1",
          "vowelFamily": "AE",
        },
      ],
    },
    "analyzeWord": {
      "coda": null,
      "phonemes": [
        "P",
        "L",
        "AE0",
        "S",
        "M",
        "AE1",
      ],
      "rhymeKey": "AE-open",
      "syllableCount": 2,
      "vowelFamily": "AE",
    },
  },
  "present": {
    "analyzeDeep": {
      "extendedRhymeKeys": [
        "AE-NT",
        "AE-open/AE-NT",
      ],
      "rhymeKey": "AE-NT",
      "stressPattern": "01",
      "syllableCount": 2,
      "syllables": [
        {
          "coda": "",
          "onset": "PR",
          "stress": 0,
          "vowel": "EH0",
          "vowelFamily": "AE",
        },
        {
          "coda": "NT",
          "onset": "S",
          "stress": 1,
          "vowel": "EH1",
          "vowelFamily": "AE",
        },
      ],
    },
    "analyzeWord": {
      "coda": "NT",
      "phonemes": [
        "P",
        "R",
        "EH0",
        "S",
        "EH1",
        "N",
        "T",
      ],
      "rhymeKey": "AE-NT",
      "syllableCount": 2,
      "vowelFamily": "AE",
    },
  },
  "quantum": {
    "analyzeDeep": {
      "extendedRhymeKeys": [
        "A-M",
        "AE-N/A-M",
      ],
      "rhymeKey": "A-M",
      "stressPattern": "01",
      "syllableCount": 2,
      "syllables": [
        {
          "coda": "N",
          "onset": "KW",
          "stress": 0,
          "vowel": "AE0",
          "vowelFamily": "AE",
        },
        {
          "coda": "M",
          "onset": "T",
          "stress": 1,
          "vowel": "AH1",
          "vowelFamily": "A",
        },
      ],
    },
    "analyzeWord": {
      "coda": "M",
      "phonemes": [
        "K",
        "W",
        "AE0",
        "N",
        "T",
        "AH1",
        "M",
      ],
      "rhymeKey": "A-M",
      "syllableCount": 2,
      "vowelFamily": "A",
    },
  },
  "queue": {
    "analyzeDeep": {
      "extendedRhymeKeys": [
        "AE-open",
        "A-open/AE-open",
        "AE-open/A-open/AE-open",
      ],
      "rhymeKey": "AE-open",
      "stressPattern": "100",
      "syllableCount": 3,
      "syllables": [
        {
          "coda": "",
          "onset": "KW",
          "stress": 1,
          "vowel": "EH1",
          "vowelFamily": "AE",
        },
        {
          "coda": "",
          "onset": "",
          "stress": 0,
          "vowel": "AH0",
          "vowelFamily": "A",
        },
        {
          "coda": "",
          "onset": "",
          "stress": 0,
          "vowel": "EH0",
          "vowelFamily": "AE",
        },
      ],
    },
    "analyzeWord": {
      "coda": null,
      "phonemes": [
        "K",
        "W",
        "EH1",
        "AH0",
        "EH0",
      ],
      "rhymeKey": "AE-open",
      "syllableCount": 3,
      "vowelFamily": "AE",
    },
  },
  "quixotic": {
    "analyzeDeep": {
      "extendedRhymeKeys": [
        "IH-K",
        "A-open/IH-K",
        "IH-open/A-open/IH-K",
      ],
      "rhymeKey": "IH-K",
      "stressPattern": "001",
      "syllableCount": 3,
      "syllables": [
        {
          "coda": "",
          "onset": "KW",
          "stress": 0,
          "vowel": "IH0",
          "vowelFamily": "IH",
        },
        {
          "coda": "",
          "onset": "KS",
          "stress": 0,
          "vowel": "AA0",
          "vowelFamily": "A",
        },
        {
          "coda": "K",
          "onset": "T",
          "stress": 1,
          "vowel": "IH1",
          "vowelFamily": "IH",
        },
      ],
    },
    "analyzeWord": {
      "coda": "K",
      "phonemes": [
        "K",
        "W",
        "IH0",
        "K",
        "S",
        "AA0",
        "T",
        "IH1",
        "K",
      ],
      "rhymeKey": "IH-K",
      "syllableCount": 3,
      "vowelFamily": "IH",
    },
  },
  "rate": {
    "analyzeDeep": {
      "extendedRhymeKeys": [
        "EY-T",
      ],
      "rhymeKey": "EY-T",
      "stressPattern": "1",
      "syllableCount": 1,
      "syllables": [
        {
          "coda": "T",
          "onset": "R",
          "stress": 1,
          "vowel": "EY1",
          "vowelFamily": "EY",
        },
      ],
    },
    "analyzeWord": {
      "coda": "T",
      "phonemes": [
        "R",
        "EY1",
        "T",
      ],
      "rhymeKey": "EY-T",
      "syllableCount": 1,
      "vowelFamily": "EY",
    },
  },
  "read": {
    "analyzeDeep": {
      "extendedRhymeKeys": [
        "IY-D",
      ],
      "rhymeKey": "IY-D",
      "stressPattern": "1",
      "syllableCount": 1,
      "syllables": [
        {
          "coda": "D",
          "onset": "R",
          "stress": 1,
          "vowel": "IY1",
          "vowelFamily": "IY",
        },
      ],
    },
    "analyzeWord": {
      "coda": "D",
      "phonemes": [
        "R",
        "IY1",
        "D",
      ],
      "rhymeKey": "IY-D",
      "syllableCount": 1,
      "vowelFamily": "IY",
    },
  },
  "receipt": {
    "analyzeDeep": {
      "extendedRhymeKeys": [
        "IH-PT",
        "AE-open/IH-PT",
        "AE-open/AE-open/IH-PT",
      ],
      "rhymeKey": "IH-PT",
      "stressPattern": "001",
      "syllableCount": 3,
      "syllables": [
        {
          "coda": "",
          "onset": "R",
          "stress": 0,
          "vowel": "EH0",
          "vowelFamily": "AE",
        },
        {
          "coda": "",
          "onset": "K",
          "stress": 0,
          "vowel": "EH0",
          "vowelFamily": "AE",
        },
        {
          "coda": "PT",
          "onset": "",
          "stress": 1,
          "vowel": "IH1",
          "vowelFamily": "IH",
        },
      ],
    },
    "analyzeWord": {
      "coda": "PT",
      "phonemes": [
        "R",
        "EH0",
        "K",
        "EH0",
        "IH1",
        "P",
        "T",
      ],
      "rhymeKey": "IH-PT",
      "syllableCount": 3,
      "vowelFamily": "IH",
    },
  },
  "refrigerator": {
    "analyzeDeep": {
      "extendedRhymeKeys": [
        "A-R",
        "AE-open/A-R",
        "AE-open/AE-open/A-R",
        "IH-open/AE-open/AE-open/A-R",
      ],
      "rhymeKey": "A-R",
      "stressPattern": "00001",
      "syllableCount": 5,
      "syllables": [
        {
          "coda": "",
          "onset": "R",
          "stress": 0,
          "vowel": "EH0",
          "vowelFamily": "AE",
        },
        {
          "coda": "",
          "onset": "FR",
          "stress": 0,
          "vowel": "IH0",
          "vowelFamily": "IH",
        },
        {
          "coda": "",
          "onset": "G",
          "stress": 0,
          "vowel": "EH0",
          "vowelFamily": "AE",
        },
        {
          "coda": "",
          "onset": "R",
          "stress": 0,
          "vowel": "AE0",
          "vowelFamily": "AE",
        },
        {
          "coda": "R",
          "onset": "T",
          "stress": 1,
          "vowel": "AA1",
          "vowelFamily": "A",
        },
      ],
    },
    "analyzeWord": {
      "coda": "R",
      "phonemes": [
        "R",
        "EH0",
        "F",
        "R",
        "IH0",
        "G",
        "EH0",
        "R",
        "AE0",
        "T",
        "AA1",
        "R",
      ],
      "rhymeKey": "A-R",
      "syllableCount": 5,
      "vowelFamily": "A",
    },
  },
  "refuse": {
    "analyzeDeep": {
      "extendedRhymeKeys": [
        "UW-S",
        "AE-open/UW-S",
      ],
      "rhymeKey": "UW-S",
      "stressPattern": "01",
      "syllableCount": 2,
      "syllables": [
        {
          "coda": "",
          "onset": "R",
          "stress": 0,
          "vowel": "EH0",
          "vowelFamily": "AE",
        },
        {
          "coda": "S",
          "onset": "F",
          "stress": 1,
          "vowel": "UW1",
          "vowelFamily": "UW",
        },
      ],
    },
    "analyzeWord": {
      "coda": "S",
      "phonemes": [
        "R",
        "EH0",
        "F",
        "UW1",
        "S",
      ],
      "rhymeKey": "UW-S",
      "syllableCount": 2,
      "vowelFamily": "UW",
    },
  },
  "rhythm": {
    "analyzeDeep": {
      "extendedRhymeKeys": [
        "A-M",
        "IH-open/A-M",
      ],
      "rhymeKey": "A-M",
      "stressPattern": "10",
      "syllableCount": 2,
      "syllables": [
        {
          "coda": "",
          "onset": "R",
          "stress": 1,
          "vowel": "IH1",
          "vowelFamily": "IH",
        },
        {
          "coda": "M",
          "onset": "DH",
          "stress": 0,
          "vowel": "AH0",
          "vowelFamily": "A",
        },
      ],
    },
    "analyzeWord": {
      "coda": "M",
      "phonemes": [
        "R",
        "IH1",
        "DH",
        "AH0",
        "M",
      ],
      "rhymeKey": "A-M",
      "syllableCount": 2,
      "vowelFamily": "IH",
    },
  },
  "rough": {
    "analyzeDeep": {
      "extendedRhymeKeys": [
        "A-G",
      ],
      "rhymeKey": "A-G",
      "stressPattern": "1",
      "syllableCount": 1,
      "syllables": [
        {
          "coda": "G",
          "onset": "R",
          "stress": 1,
          "vowel": "AW1",
          "vowelFamily": "A",
        },
      ],
    },
    "analyzeWord": {
      "coda": "G",
      "phonemes": [
        "R",
        "AW1",
        "G",
      ],
      "rhymeKey": "A-G",
      "syllableCount": 1,
      "vowelFamily": "A",
    },
  },
  "scalar": {
    "analyzeDeep": {
      "extendedRhymeKeys": [
        "AE-R",
        "AE-open/AE-R",
      ],
      "rhymeKey": "AE-R",
      "stressPattern": "01",
      "syllableCount": 2,
      "syllables": [
        {
          "coda": "",
          "onset": "SK",
          "stress": 0,
          "vowel": "AE0",
          "vowelFamily": "AE",
        },
        {
          "coda": "R",
          "onset": "L",
          "stress": 1,
          "vowel": "AE1",
          "vowelFamily": "AE",
        },
      ],
    },
    "analyzeWord": {
      "coda": "R",
      "phonemes": [
        "S",
        "K",
        "AE0",
        "L",
        "AE1",
        "R",
      ],
      "rhymeKey": "AE-R",
      "syllableCount": 2,
      "vowelFamily": "AE",
    },
  },
  "scholomance": {
    "analyzeDeep": {
      "extendedRhymeKeys": [
        "AE-NS",
        "A-open/AE-NS",
        "OW-open/A-open/AE-NS",
      ],
      "rhymeKey": "AE-NS",
      "stressPattern": "101",
      "syllableCount": 3,
      "syllables": [
        {
          "coda": "",
          "onset": "SK",
          "stress": 1,
          "vowel": "OW1",
          "vowelFamily": "OW",
        },
        {
          "coda": "",
          "onset": "L",
          "stress": 0,
          "vowel": "AH0",
          "vowelFamily": "A",
        },
        {
          "coda": "NS",
          "onset": "M",
          "stress": 2,
          "vowel": "AE2",
          "vowelFamily": "AE",
        },
      ],
    },
    "analyzeWord": {
      "coda": "NS",
      "phonemes": [
        "S",
        "K",
        "OW1",
        "L",
        "AH0",
        "M",
        "AE2",
        "N",
        "S",
      ],
      "rhymeKey": "AE-NS",
      "syllableCount": 3,
      "vowelFamily": "OW",
    },
  },
  "serendipity": {
    "analyzeDeep": {
      "extendedRhymeKeys": [
        "EY-open",
        "IH-open/EY-open",
        "IH-open/IH-open/EY-open",
        "AE-N/IH-open/IH-open/EY-open",
      ],
      "rhymeKey": "EY-open",
      "stressPattern": "00001",
      "syllableCount": 5,
      "syllables": [
        {
          "coda": "",
          "onset": "S",
          "stress": 0,
          "vowel": "EH0",
          "vowelFamily": "AE",
        },
        {
          "coda": "N",
          "onset": "R",
          "stress": 0,
          "vowel": "EH0",
          "vowelFamily": "AE",
        },
        {
          "coda": "",
          "onset": "D",
          "stress": 0,
          "vowel": "IH0",
          "vowelFamily": "IH",
        },
        {
          "coda": "",
          "onset": "P",
          "stress": 0,
          "vowel": "IH0",
          "vowelFamily": "IH",
        },
        {
          "coda": "",
          "onset": "T",
          "stress": 1,
          "vowel": "AY1",
          "vowelFamily": "EY",
        },
      ],
    },
    "analyzeWord": {
      "coda": null,
      "phonemes": [
        "S",
        "EH0",
        "R",
        "EH0",
        "N",
        "D",
        "IH0",
        "P",
        "IH0",
        "T",
        "AY1",
      ],
      "rhymeKey": "EY-open",
      "syllableCount": 5,
      "vowelFamily": "EY",
    },
  },
  "sigil": {
    "analyzeDeep": {
      "extendedRhymeKeys": [
        "IH-L",
        "IH-open/IH-L",
      ],
      "rhymeKey": "IH-L",
      "stressPattern": "01",
      "syllableCount": 2,
      "syllables": [
        {
          "coda": "",
          "onset": "S",
          "stress": 0,
          "vowel": "IH0",
          "vowelFamily": "IH",
        },
        {
          "coda": "L",
          "onset": "G",
          "stress": 1,
          "vowel": "IH1",
          "vowelFamily": "IH",
        },
      ],
    },
    "analyzeWord": {
      "coda": "L",
      "phonemes": [
        "S",
        "IH0",
        "G",
        "IH1",
        "L",
      ],
      "rhymeKey": "IH-L",
      "syllableCount": 2,
      "vowelFamily": "IH",
    },
  },
  "slay": {
    "analyzeDeep": {
      "extendedRhymeKeys": [
        "EY-open",
      ],
      "rhymeKey": "EY-open",
      "stressPattern": "1",
      "syllableCount": 1,
      "syllables": [
        {
          "coda": "",
          "onset": "SL",
          "stress": 1,
          "vowel": "EY1",
          "vowelFamily": "EY",
        },
      ],
    },
    "analyzeWord": {
      "coda": null,
      "phonemes": [
        "S",
        "L",
        "EY1",
      ],
      "rhymeKey": "EY-open",
      "syllableCount": 1,
      "vowelFamily": "EY",
    },
  },
  "slough": {
    "analyzeDeep": {
      "extendedRhymeKeys": [
        "A-G",
      ],
      "rhymeKey": "A-G",
      "stressPattern": "1",
      "syllableCount": 1,
      "syllables": [
        {
          "coda": "G",
          "onset": "SL",
          "stress": 1,
          "vowel": "AW1",
          "vowelFamily": "A",
        },
      ],
    },
    "analyzeWord": {
      "coda": "G",
      "phonemes": [
        "S",
        "L",
        "AW1",
        "G",
      ],
      "rhymeKey": "A-G",
      "syllableCount": 1,
      "vowelFamily": "A",
    },
  },
  "sonorous": {
    "analyzeDeep": {
      "extendedRhymeKeys": [
        "A-S",
        "A-open/A-S",
        "A-open/A-open/A-S",
      ],
      "rhymeKey": "A-S",
      "stressPattern": "000",
      "syllableCount": 3,
      "syllables": [
        {
          "coda": "",
          "onset": "S",
          "stress": 0,
          "vowel": "AA0",
          "vowelFamily": "A",
        },
        {
          "coda": "",
          "onset": "N",
          "stress": 0,
          "vowel": "AA0",
          "vowelFamily": "A",
        },
        {
          "coda": "S",
          "onset": "R",
          "stress": 0,
          "vowel": "AH0",
          "vowelFamily": "A",
        },
      ],
    },
    "analyzeWord": {
      "coda": "S",
      "phonemes": [
        "S",
        "AA0",
        "N",
        "AA0",
        "R",
        "AH0",
        "S",
      ],
      "rhymeKey": "A-S",
      "syllableCount": 3,
      "vowelFamily": "A",
    },
  },
  "spectral": {
    "analyzeDeep": {
      "extendedRhymeKeys": [
        "AE-L",
        "AE-K/AE-L",
      ],
      "rhymeKey": "AE-L",
      "stressPattern": "01",
      "syllableCount": 2,
      "syllables": [
        {
          "coda": "K",
          "onset": "SP",
          "stress": 0,
          "vowel": "EH0",
          "vowelFamily": "AE",
        },
        {
          "coda": "L",
          "onset": "TR",
          "stress": 1,
          "vowel": "AE1",
          "vowelFamily": "AE",
        },
      ],
    },
    "analyzeWord": {
      "coda": "L",
      "phonemes": [
        "S",
        "P",
        "EH0",
        "K",
        "T",
        "R",
        "AE1",
        "L",
      ],
      "rhymeKey": "AE-L",
      "syllableCount": 2,
      "vowelFamily": "AE",
    },
  },
  "spectrum": {
    "analyzeDeep": {
      "extendedRhymeKeys": [
        "A-M",
        "AE-K/A-M",
      ],
      "rhymeKey": "A-M",
      "stressPattern": "01",
      "syllableCount": 2,
      "syllables": [
        {
          "coda": "K",
          "onset": "SP",
          "stress": 0,
          "vowel": "EH0",
          "vowelFamily": "AE",
        },
        {
          "coda": "M",
          "onset": "TR",
          "stress": 1,
          "vowel": "AH1",
          "vowelFamily": "A",
        },
      ],
    },
    "analyzeWord": {
      "coda": "M",
      "phonemes": [
        "S",
        "P",
        "EH0",
        "K",
        "T",
        "R",
        "AH1",
        "M",
      ],
      "rhymeKey": "A-M",
      "syllableCount": 2,
      "vowelFamily": "A",
    },
  },
  "subtle": {
    "analyzeDeep": {
      "extendedRhymeKeys": [
        "AE-open",
        "A-B/AE-open",
      ],
      "rhymeKey": "AE-open",
      "stressPattern": "01",
      "syllableCount": 2,
      "syllables": [
        {
          "coda": "B",
          "onset": "S",
          "stress": 0,
          "vowel": "AH0",
          "vowelFamily": "A",
        },
        {
          "coda": "",
          "onset": "TL",
          "stress": 1,
          "vowel": "EH1",
          "vowelFamily": "AE",
        },
      ],
    },
    "analyzeWord": {
      "coda": null,
      "phonemes": [
        "S",
        "AH0",
        "B",
        "T",
        "L",
        "EH1",
      ],
      "rhymeKey": "AE-open",
      "syllableCount": 2,
      "vowelFamily": "AE",
    },
  },
  "supernova": {
    "analyzeDeep": {
      "extendedRhymeKeys": [
        "AE-open",
        "A-open/AE-open",
        "AE-R/A-open/AE-open",
        "A-open/AE-R/A-open/AE-open",
      ],
      "rhymeKey": "AE-open",
      "stressPattern": "0001",
      "syllableCount": 4,
      "syllables": [
        {
          "coda": "",
          "onset": "S",
          "stress": 0,
          "vowel": "AH0",
          "vowelFamily": "A",
        },
        {
          "coda": "R",
          "onset": "P",
          "stress": 0,
          "vowel": "EH0",
          "vowelFamily": "AE",
        },
        {
          "coda": "",
          "onset": "N",
          "stress": 0,
          "vowel": "AA0",
          "vowelFamily": "A",
        },
        {
          "coda": "",
          "onset": "V",
          "stress": 1,
          "vowel": "AE1",
          "vowelFamily": "AE",
        },
      ],
    },
    "analyzeWord": {
      "coda": null,
      "phonemes": [
        "S",
        "AH0",
        "P",
        "EH0",
        "R",
        "N",
        "AA0",
        "V",
        "AE1",
      ],
      "rhymeKey": "AE-open",
      "syllableCount": 4,
      "vowelFamily": "AE",
    },
  },
  "surfeit": {
    "analyzeDeep": {
      "extendedRhymeKeys": [
        "IH-T",
        "AE-open/IH-T",
        "A-R/AE-open/IH-T",
      ],
      "rhymeKey": "IH-T",
      "stressPattern": "001",
      "syllableCount": 3,
      "syllables": [
        {
          "coda": "R",
          "onset": "S",
          "stress": 0,
          "vowel": "AH0",
          "vowelFamily": "A",
        },
        {
          "coda": "",
          "onset": "F",
          "stress": 0,
          "vowel": "EH0",
          "vowelFamily": "AE",
        },
        {
          "coda": "T",
          "onset": "",
          "stress": 1,
          "vowel": "IH1",
          "vowelFamily": "IH",
        },
      ],
    },
    "analyzeWord": {
      "coda": "T",
      "phonemes": [
        "S",
        "AH0",
        "R",
        "F",
        "EH0",
        "IH1",
        "T",
      ],
      "rhymeKey": "IH-T",
      "syllableCount": 3,
      "vowelFamily": "IH",
    },
  },
  "sus": {
    "analyzeDeep": {
      "extendedRhymeKeys": [
        "A-S",
      ],
      "rhymeKey": "A-S",
      "stressPattern": "1",
      "syllableCount": 1,
      "syllables": [
        {
          "coda": "S",
          "onset": "S",
          "stress": 1,
          "vowel": "AH1",
          "vowelFamily": "A",
        },
      ],
    },
    "analyzeWord": {
      "coda": "S",
      "phonemes": [
        "S",
        "AH1",
        "S",
      ],
      "rhymeKey": "A-S",
      "syllableCount": 1,
      "vowelFamily": "A",
    },
  },
  "synecdoche": {
    "analyzeDeep": {
      "extendedRhymeKeys": [
        "AE-open",
        "A-open/AE-open",
        "AE-open/A-open/AE-open",
      ],
      "rhymeKey": "AE-open",
      "stressPattern": "001",
      "syllableCount": 3,
      "syllables": [
        {
          "coda": "",
          "onset": "SYN",
          "stress": 0,
          "vowel": "EH0",
          "vowelFamily": "AE",
        },
        {
          "coda": "",
          "onset": "KD",
          "stress": 0,
          "vowel": "AA0",
          "vowelFamily": "A",
        },
        {
          "coda": "",
          "onset": "CH",
          "stress": 1,
          "vowel": "EH1",
          "vowelFamily": "AE",
        },
      ],
    },
    "analyzeWord": {
      "coda": null,
      "phonemes": [
        "S",
        "Y",
        "N",
        "EH0",
        "K",
        "D",
        "AA0",
        "CH",
        "EH1",
      ],
      "rhymeKey": "AE-open",
      "syllableCount": 3,
      "vowelFamily": "AE",
    },
  },
  "telescope": {
    "analyzeDeep": {
      "extendedRhymeKeys": [
        "OW-P",
        "AE-open/OW-P",
        "AE-open/AE-open/OW-P",
      ],
      "rhymeKey": "OW-P",
      "stressPattern": "001",
      "syllableCount": 3,
      "syllables": [
        {
          "coda": "",
          "onset": "T",
          "stress": 0,
          "vowel": "EH0",
          "vowelFamily": "AE",
        },
        {
          "coda": "",
          "onset": "L",
          "stress": 0,
          "vowel": "EH0",
          "vowelFamily": "AE",
        },
        {
          "coda": "P",
          "onset": "SK",
          "stress": 1,
          "vowel": "OW1",
          "vowelFamily": "OW",
        },
      ],
    },
    "analyzeWord": {
      "coda": "P",
      "phonemes": [
        "T",
        "EH0",
        "L",
        "EH0",
        "S",
        "K",
        "OW1",
        "P",
      ],
      "rhymeKey": "OW-P",
      "syllableCount": 3,
      "vowelFamily": "OW",
    },
  },
  "tensor": {
    "analyzeDeep": {
      "extendedRhymeKeys": [
        "A-R",
        "AE-N/A-R",
      ],
      "rhymeKey": "A-R",
      "stressPattern": "01",
      "syllableCount": 2,
      "syllables": [
        {
          "coda": "N",
          "onset": "T",
          "stress": 0,
          "vowel": "EH0",
          "vowelFamily": "AE",
        },
        {
          "coda": "R",
          "onset": "S",
          "stress": 1,
          "vowel": "AA1",
          "vowelFamily": "A",
        },
      ],
    },
    "analyzeWord": {
      "coda": "R",
      "phonemes": [
        "T",
        "EH0",
        "N",
        "S",
        "AA1",
        "R",
      ],
      "rhymeKey": "A-R",
      "syllableCount": 2,
      "vowelFamily": "A",
    },
  },
  "thaumaturgy": {
    "analyzeDeep": {
      "extendedRhymeKeys": [
        "EY-open",
        "A-R/EY-open",
        "AE-open/A-R/EY-open",
        "AO-open/AE-open/A-R/EY-open",
      ],
      "rhymeKey": "EY-open",
      "stressPattern": "0001",
      "syllableCount": 4,
      "syllables": [
        {
          "coda": "",
          "onset": "TH",
          "stress": 0,
          "vowel": "AO0",
          "vowelFamily": "AO",
        },
        {
          "coda": "",
          "onset": "M",
          "stress": 0,
          "vowel": "AE0",
          "vowelFamily": "AE",
        },
        {
          "coda": "R",
          "onset": "T",
          "stress": 0,
          "vowel": "AH0",
          "vowelFamily": "A",
        },
        {
          "coda": "",
          "onset": "G",
          "stress": 1,
          "vowel": "AY1",
          "vowelFamily": "EY",
        },
      ],
    },
    "analyzeWord": {
      "coda": null,
      "phonemes": [
        "TH",
        "AO0",
        "M",
        "AE0",
        "T",
        "AH0",
        "R",
        "G",
        "AY1",
      ],
      "rhymeKey": "EY-open",
      "syllableCount": 4,
      "vowelFamily": "ER",
    },
  },
  "through": {
    "analyzeDeep": {
      "extendedRhymeKeys": [
        "UW-open",
      ],
      "rhymeKey": "UW-open",
      "stressPattern": "1",
      "syllableCount": 1,
      "syllables": [
        {
          "coda": "",
          "onset": "THR",
          "stress": 1,
          "vowel": "UW1",
          "vowelFamily": "UW",
        },
      ],
    },
    "analyzeWord": {
      "coda": null,
      "phonemes": [
        "TH",
        "R",
        "UW1",
      ],
      "rhymeKey": "UW-open",
      "syllableCount": 1,
      "vowelFamily": "UW",
    },
  },
  "tough": {
    "analyzeDeep": {
      "extendedRhymeKeys": [
        "A-F",
      ],
      "rhymeKey": "A-F",
      "stressPattern": "1",
      "syllableCount": 1,
      "syllables": [
        {
          "coda": "F",
          "onset": "T",
          "stress": 1,
          "vowel": "AH1",
          "vowelFamily": "A",
        },
      ],
    },
    "analyzeWord": {
      "coda": "F",
      "phonemes": [
        "T",
        "AH1",
        "F",
      ],
      "rhymeKey": "A-F",
      "syllableCount": 1,
      "vowelFamily": "A",
    },
  },
  "ubiquitous": {
    "analyzeDeep": {
      "extendedRhymeKeys": [
        "A-S",
        "IH-open/A-S",
        "IH-open/IH-open/A-S",
        "A-open/IH-open/IH-open/A-S",
      ],
      "rhymeKey": "A-S",
      "stressPattern": "0000",
      "syllableCount": 4,
      "syllables": [
        {
          "coda": "",
          "onset": "",
          "stress": 0,
          "vowel": "AH0",
          "vowelFamily": "A",
        },
        {
          "coda": "",
          "onset": "B",
          "stress": 0,
          "vowel": "IH0",
          "vowelFamily": "IH",
        },
        {
          "coda": "",
          "onset": "KW",
          "stress": 0,
          "vowel": "IH0",
          "vowelFamily": "IH",
        },
        {
          "coda": "S",
          "onset": "T",
          "stress": 0,
          "vowel": "AH0",
          "vowelFamily": "A",
        },
      ],
    },
    "analyzeWord": {
      "coda": "S",
      "phonemes": [
        "AH0",
        "B",
        "IH0",
        "K",
        "W",
        "IH0",
        "T",
        "AH0",
        "S",
      ],
      "rhymeKey": "A-S",
      "syllableCount": 4,
      "vowelFamily": "A",
    },
  },
  "university": {
    "analyzeDeep": {
      "extendedRhymeKeys": [
        "EY-open",
        "IH-open/EY-open",
        "AE-R/IH-open/EY-open",
        "IH-open/AE-R/IH-open/EY-open",
      ],
      "rhymeKey": "EY-open",
      "stressPattern": "00001",
      "syllableCount": 5,
      "syllables": [
        {
          "coda": "",
          "onset": "",
          "stress": 0,
          "vowel": "AH0",
          "vowelFamily": "A",
        },
        {
          "coda": "",
          "onset": "N",
          "stress": 0,
          "vowel": "IH0",
          "vowelFamily": "IH",
        },
        {
          "coda": "R",
          "onset": "V",
          "stress": 0,
          "vowel": "EH0",
          "vowelFamily": "AE",
        },
        {
          "coda": "",
          "onset": "S",
          "stress": 0,
          "vowel": "IH0",
          "vowelFamily": "IH",
        },
        {
          "coda": "",
          "onset": "T",
          "stress": 1,
          "vowel": "AY1",
          "vowelFamily": "EY",
        },
      ],
    },
    "analyzeWord": {
      "coda": null,
      "phonemes": [
        "AH0",
        "N",
        "IH0",
        "V",
        "EH0",
        "R",
        "S",
        "IH0",
        "T",
        "AY1",
      ],
      "rhymeKey": "EY-open",
      "syllableCount": 5,
      "vowelFamily": "EY",
    },
  },
  "vacuum": {
    "analyzeDeep": {
      "extendedRhymeKeys": [
        "A-M",
        "A-open/A-M",
        "AE-open/A-open/A-M",
      ],
      "rhymeKey": "A-M",
      "stressPattern": "001",
      "syllableCount": 3,
      "syllables": [
        {
          "coda": "",
          "onset": "V",
          "stress": 0,
          "vowel": "AE0",
          "vowelFamily": "AE",
        },
        {
          "coda": "",
          "onset": "K",
          "stress": 0,
          "vowel": "AH0",
          "vowelFamily": "A",
        },
        {
          "coda": "M",
          "onset": "",
          "stress": 1,
          "vowel": "AH1",
          "vowelFamily": "A",
        },
      ],
    },
    "analyzeWord": {
      "coda": "M",
      "phonemes": [
        "V",
        "AE0",
        "K",
        "AH0",
        "AH1",
        "M",
      ],
      "rhymeKey": "A-M",
      "syllableCount": 3,
      "vowelFamily": "A",
    },
  },
  "vaelrix": {
    "analyzeDeep": {
      "extendedRhymeKeys": [
        "IH-KS",
        "AE-L/IH-KS",
        "AE-open/AE-L/IH-KS",
      ],
      "rhymeKey": "IH-KS",
      "stressPattern": "001",
      "syllableCount": 3,
      "syllables": [
        {
          "coda": "",
          "onset": "V",
          "stress": 0,
          "vowel": "AE0",
          "vowelFamily": "AE",
        },
        {
          "coda": "L",
          "onset": "",
          "stress": 0,
          "vowel": "EH0",
          "vowelFamily": "AE",
        },
        {
          "coda": "KS",
          "onset": "R",
          "stress": 1,
          "vowel": "IH1",
          "vowelFamily": "IH",
        },
      ],
    },
    "analyzeWord": {
      "coda": "KS",
      "phonemes": [
        "V",
        "AE0",
        "EH0",
        "L",
        "R",
        "IH1",
        "K",
        "S",
      ],
      "rhymeKey": "IH-KS",
      "syllableCount": 3,
      "vowelFamily": "EH",
    },
  },
  "vector": {
    "analyzeDeep": {
      "extendedRhymeKeys": [
        "A-R",
        "AE-K/A-R",
      ],
      "rhymeKey": "A-R",
      "stressPattern": "01",
      "syllableCount": 2,
      "syllables": [
        {
          "coda": "K",
          "onset": "V",
          "stress": 0,
          "vowel": "EH0",
          "vowelFamily": "AE",
        },
        {
          "coda": "R",
          "onset": "T",
          "stress": 1,
          "vowel": "AA1",
          "vowelFamily": "A",
        },
      ],
    },
    "analyzeWord": {
      "coda": "R",
      "phonemes": [
        "V",
        "EH0",
        "K",
        "T",
        "AA1",
        "R",
      ],
      "rhymeKey": "A-R",
      "syllableCount": 2,
      "vowelFamily": "A",
    },
  },
  "vibe": {
    "analyzeDeep": {
      "extendedRhymeKeys": [
        "EY-B",
      ],
      "rhymeKey": "EY-B",
      "stressPattern": "1",
      "syllableCount": 1,
      "syllables": [
        {
          "coda": "B",
          "onset": "V",
          "stress": 1,
          "vowel": "AY1",
          "vowelFamily": "EY",
        },
      ],
    },
    "analyzeWord": {
      "coda": "B",
      "phonemes": [
        "V",
        "AY1",
        "B",
      ],
      "rhymeKey": "EY-B",
      "syllableCount": 1,
      "vowelFamily": "EY",
    },
  },
  "vicissitude": {
    "analyzeDeep": {
      "extendedRhymeKeys": [
        "UW-D",
        "IH-open/UW-D",
        "IH-open/IH-open/UW-D",
        "IH-open/IH-open/IH-open/UW-D",
      ],
      "rhymeKey": "UW-D",
      "stressPattern": "0001",
      "syllableCount": 4,
      "syllables": [
        {
          "coda": "",
          "onset": "V",
          "stress": 0,
          "vowel": "IH0",
          "vowelFamily": "IH",
        },
        {
          "coda": "",
          "onset": "K",
          "stress": 0,
          "vowel": "IH0",
          "vowelFamily": "IH",
        },
        {
          "coda": "",
          "onset": "SS",
          "stress": 0,
          "vowel": "IH0",
          "vowelFamily": "IH",
        },
        {
          "coda": "D",
          "onset": "T",
          "stress": 1,
          "vowel": "UW1",
          "vowelFamily": "UW",
        },
      ],
    },
    "analyzeWord": {
      "coda": "D",
      "phonemes": [
        "V",
        "IH0",
        "K",
        "IH0",
        "S",
        "S",
        "IH0",
        "T",
        "UW1",
        "D",
      ],
      "rhymeKey": "UW-D",
      "syllableCount": 4,
      "vowelFamily": "UW",
    },
  },
  "void": {
    "analyzeDeep": {
      "extendedRhymeKeys": [
        "OW-D",
      ],
      "rhymeKey": "OW-D",
      "stressPattern": "1",
      "syllableCount": 1,
      "syllables": [
        {
          "coda": "D",
          "onset": "V",
          "stress": 1,
          "vowel": "OY1",
          "vowelFamily": "OW",
        },
      ],
    },
    "analyzeWord": {
      "coda": "D",
      "phonemes": [
        "V",
        "OY1",
        "D",
      ],
      "rhymeKey": "OW-D",
      "syllableCount": 1,
      "vowelFamily": "OY",
    },
  },
  "vortex": {
    "analyzeDeep": {
      "extendedRhymeKeys": [
        "AE-KS",
        "A-R/AE-KS",
      ],
      "rhymeKey": "AE-KS",
      "stressPattern": "01",
      "syllableCount": 2,
      "syllables": [
        {
          "coda": "R",
          "onset": "V",
          "stress": 0,
          "vowel": "AA0",
          "vowelFamily": "A",
        },
        {
          "coda": "KS",
          "onset": "T",
          "stress": 1,
          "vowel": "EH1",
          "vowelFamily": "AE",
        },
      ],
    },
    "analyzeWord": {
      "coda": "KS",
      "phonemes": [
        "V",
        "AA0",
        "R",
        "T",
        "EH1",
        "K",
        "S",
      ],
      "rhymeKey": "AE-KS",
      "syllableCount": 2,
      "vowelFamily": "AE",
    },
  },
  "wind": {
    "analyzeDeep": {
      "extendedRhymeKeys": [
        "IH-ND",
      ],
      "rhymeKey": "IH-ND",
      "stressPattern": "1",
      "syllableCount": 1,
      "syllables": [
        {
          "coda": "ND",
          "onset": "W",
          "stress": 1,
          "vowel": "IH1",
          "vowelFamily": "IH",
        },
      ],
    },
    "analyzeWord": {
      "coda": "ND",
      "phonemes": [
        "W",
        "IH1",
        "N",
        "D",
      ],
      "rhymeKey": "IH-ND",
      "syllableCount": 1,
      "vowelFamily": "IH",
    },
  },
  "wound": {
    "analyzeDeep": {
      "extendedRhymeKeys": [
        "A-ND",
      ],
      "rhymeKey": "A-ND",
      "stressPattern": "1",
      "syllableCount": 1,
      "syllables": [
        {
          "coda": "ND",
          "onset": "W",
          "stress": 1,
          "vowel": "AW1",
          "vowelFamily": "A",
        },
      ],
    },
    "analyzeWord": {
      "coda": "ND",
      "phonemes": [
        "W",
        "AW1",
        "N",
        "D",
      ],
      "rhymeKey": "A-ND",
      "syllableCount": 1,
      "vowelFamily": "A",
    },
  },
  "yacht": {
    "analyzeDeep": {
      "extendedRhymeKeys": [
        "AE-CHT",
      ],
      "rhymeKey": "AE-CHT",
      "stressPattern": "1",
      "syllableCount": 1,
      "syllables": [
        {
          "coda": "CHT",
          "onset": "Y",
          "stress": 1,
          "vowel": "AE1",
          "vowelFamily": "AE",
        },
      ],
    },
    "analyzeWord": {
      "coda": "CHT",
      "phonemes": [
        "Y",
        "AE1",
        "CH",
        "T",
      ],
      "rhymeKey": "AE-CHT",
      "syllableCount": 1,
      "vowelFamily": "AE",
    },
  },
  "yeet": {
    "analyzeDeep": {
      "extendedRhymeKeys": [
        "IY-T",
      ],
      "rhymeKey": "IY-T",
      "stressPattern": "1",
      "syllableCount": 1,
      "syllables": [
        {
          "coda": "T",
          "onset": "Y",
          "stress": 1,
          "vowel": "IY1",
          "vowelFamily": "IY",
        },
      ],
    },
    "analyzeWord": {
      "coda": "T",
      "phonemes": [
        "Y",
        "IY1",
        "T",
      ],
      "rhymeKey": "IY-T",
      "syllableCount": 1,
      "vowelFamily": "IY",
    },
  },
}
`;
